2026-02-02 16:30:20,552 INFO o.h.v.i.u.Version [background-preinit] HV000001: Hibernate Validator 8.0.3.Final
2026-02-02 16:30:20,590 INFO o.s.b.StartupInfoLogger [main] Starting AlquilerControllerTests using Java 21.0.8 with PID 6024 (started by natal in D:\DAM\Segundo\AccesoDatos\AA1\API_ReLab)
2026-02-02 16:30:20,590 INFO o.s.b.SpringApplication [main] No active profile set, falling back to 1 default profile: "default"
2026-02-02 16:30:22,450 INFO o.s.m.w.MockServletContext [main] Initializing Spring TestDispatcherServlet ''
2026-02-02 16:30:22,450 INFO o.s.w.s.FrameworkServlet [main] Initializing Servlet ''
2026-02-02 16:30:22,450 INFO o.s.w.s.FrameworkServlet [main] Completed initialization in 0 ms
2026-02-02 16:30:22,497 INFO o.s.b.StartupInfoLogger [main] Started AlquilerControllerTests in 2.222 seconds (process running for 3.33)
2026-02-02 16:30:22,639 WARN c.n.r.c.AlquilerController [main] DELETE /alquileres/99 - eliminando
2026-02-02 16:30:22,655 WARN c.n.r.c.GlobalExceptionHandler [main] Recurso no encontrado: AlquilerNoEncontradoException
2026-02-02 16:30:22,897 INFO c.n.r.c.AlquilerController [main] POST /alquileres - creando nuevo alquiler
2026-02-02 16:30:22,897 WARN c.n.r.c.GlobalExceptionHandler [main] Recurso no encontrado: ProductoNoEncontradoException
2026-02-02 16:30:22,909 INFO c.n.r.c.AlquilerController [main] GET /alquileres - Parámetros: arrendadorId=99, arrendatarioId=null, productoId=null
2026-02-02 16:30:22,919 WARN c.n.r.c.GlobalExceptionHandler [main] Recurso no encontrado: UsuarioNoEncontradoException
2026-02-02 16:30:22,926 INFO c.n.r.c.AlquilerController [main] PUT /alquileres/99 - actualizando alquiler
2026-02-02 16:30:22,926 WARN c.n.r.c.GlobalExceptionHandler [main] Recurso no encontrado: AlquilerNoEncontradoException
2026-02-02 16:30:22,941 WARN c.n.r.c.AlquilerController [main] DELETE /alquileres/1 - eliminando
2026-02-02 16:30:22,941 INFO c.n.r.c.AlquilerController [main] Alquiler con id 1 eliminado correctamente
2026-02-02 16:30:22,973 WARN c.n.r.c.GlobalExceptionHandler [main] Error de validación detectado: Validation failed for argument [0] in public org.springframework.http.ResponseEntity<com.natalia.relab.dto.AlquilerOutDto> com.natalia.relab.controller.AlquilerController.actualizarAlquiler(com.natalia.relab.dto.AlquilerUpdateDto,long) throws exception.AlquilerNoEncontradoException: [Field error in object 'alquilerUpdateDto' on field 'precio': rejected value [-10.0]; codes [Min.alquilerUpdateDto.precio,Min.precio,Min.java.lang.Float,Min]; arguments [org.springframework.context.support.DefaultMessageSourceResolvable: codes [alquilerUpdateDto.precio,precio]; arguments []; default message [precio],0]; default message [El precio debe ser mayor que cero]] 
2026-02-02 16:30:23,005 INFO c.n.r.c.AlquilerController [main] GET /alquileres/1 solicitado
2026-02-02 16:30:23,021 INFO c.n.r.c.AlquilerController [main] Alquiler con id 1 encontrado
2026-02-02 16:30:23,021 INFO c.n.r.c.AlquilerController [main] GET /alquileres/99 solicitado
2026-02-02 16:30:23,037 WARN c.n.r.c.GlobalExceptionHandler [main] Recurso no encontrado: AlquilerNoEncontradoException
2026-02-02 16:30:23,037 WARN c.n.r.c.GlobalExceptionHandler [main] Error de validación detectado: Validation failed for argument [0] in public org.springframework.http.ResponseEntity<com.natalia.relab.dto.AlquilerOutDto> com.natalia.relab.controller.AlquilerController.agregarAlquiler(com.natalia.relab.dto.AlquilerInDto) throws exception.UsuarioNoEncontradoException,exception.ProductoNoEncontradoException with 4 errors: [Field error in object 'alquilerInDto' on field 'precio': rejected value [-10.0]; codes [Min.alquilerInDto.precio,Min.precio,Min.float,Min]; arguments [org.springframework.context.support.DefaultMessageSourceResolvable: codes [alquilerInDto.precio,precio]; arguments []; default message [precio],0]; default message [El precio debe ser mayor que cero]] [Field error in object 'alquilerInDto' on field 'arrendatarioId': rejected value [null]; codes [NotNull.alquilerInDto.arrendatarioId,NotNull.arrendatarioId,NotNull.java.lang.Long,NotNull]; arguments [org.springframework.context.support.DefaultMessageSourceResolvable: codes [alquilerInDto.arrendatarioId,arrendatarioId]; arguments []; default message [arrendatarioId]]; default message [Debe especificarse el arrendatario]] [Field error in object 'alquilerInDto' on field 'arrendadorId': rejected value [null]; codes [NotNull.alquilerInDto.arrendadorId,NotNull.arrendadorId,NotNull.java.lang.Long,NotNull]; arguments [org.springframework.context.support.DefaultMessageSourceResolvable: codes [alquilerInDto.arrendadorId,arrendadorId]; arguments []; default message [arrendadorId]]; default message [Debe especificarse el arrendador]] [Field error in object 'alquilerInDto' on field 'productoId': rejected value [null]; codes [NotNull.alquilerInDto.productoId,NotNull.productoId,NotNull.java.lang.Long,NotNull]; arguments [org.springframework.context.support.DefaultMessageSourceResolvable: codes [alquilerInDto.productoId,productoId]; arguments []; default message [productoId]]; default message [Debe especificarse el producto alquilado]] 
2026-02-02 16:30:23,037 INFO c.n.r.c.AlquilerController [main] GET /alquileres - Parámetros: arrendadorId=5, arrendatarioId=null, productoId=null
2026-02-02 16:30:23,037 INFO c.n.r.c.AlquilerController [main] Resultado: 1 alquileres encontrados
2026-02-02 16:30:23,071 INFO c.n.r.c.AlquilerController [main] GET /alquileres - Parámetros: arrendadorId=null, arrendatarioId=null, productoId=null
2026-02-02 16:30:23,071 INFO c.n.r.c.AlquilerController [main] Resultado: 2 alquileres encontrados
2026-02-02 16:30:23,071 INFO c.n.r.c.AlquilerController [main] PUT /alquileres/1 - actualizando alquiler
2026-02-02 16:30:23,071 INFO c.n.r.c.AlquilerController [main] Alquiler con id 1 actualizado correctamente
2026-02-02 16:30:23,087 INFO c.n.r.c.AlquilerController [main] POST /alquileres - creando nuevo alquiler
2026-02-02 16:30:23,087 INFO c.n.r.c.AlquilerController [main] Alquiler creado con id 100
2026-02-02 16:30:23,323 INFO c.n.r.s.AlquilerService [main] Servicio: Listando alquileres con filtros: arrendadorId=null, arrendatarioId=null, productoId=5
2026-02-02 16:30:23,339 INFO c.n.r.s.AlquilerService [main] Servicio: buscando alquiler por ID 999
2026-02-02 16:30:23,339 ERROR c.n.r.s.AlquilerService [main] No existe alquiler con ID 999
2026-02-02 16:30:23,339 INFO c.n.r.s.AlquilerService [main] Agregando nuevo alquiler: productoId 1, arrendadorId 2, arrendatarioId 3
2026-02-02 16:30:23,339 WARN c.n.r.s.AlquilerService [main] Producto con ID 1 no encontrado
2026-02-02 16:30:23,355 INFO c.n.r.s.AlquilerService [main] Servicio: Listando alquileres con filtros: arrendadorId=1, arrendatarioId=2, productoId=10
2026-02-02 16:30:23,355 INFO c.n.r.s.AlquilerService [main] Servicio: Listando alquileres con filtros: arrendadorId=null, arrendatarioId=null, productoId=999
2026-02-02 16:30:23,355 INFO c.n.r.s.AlquilerService [main] Servicio: Listando alquileres con filtros: arrendadorId=null, arrendatarioId=null, productoId=null
2026-02-02 16:30:23,355 WARN c.n.r.s.AlquilerService [main] Servicio: Intentando eliminar alquiler con ID 999
2026-02-02 16:30:23,371 INFO c.n.r.s.AlquilerService [main] Servicio: Listando alquileres con filtros: arrendadorId=null, arrendatarioId=999, productoId=null
2026-02-02 16:30:23,371 WARN c.n.r.s.AlquilerService [main] Servicio: Intentando eliminar alquiler con ID 1
2026-02-02 16:30:23,371 INFO c.n.r.s.AlquilerService [main] Alquiler con ID 1 eliminado correctamente
2026-02-02 16:30:23,371 INFO c.n.r.s.AlquilerService [main] Servicio: Listando alquileres con filtros: arrendadorId=999, arrendatarioId=null, productoId=null
2026-02-02 16:30:23,387 INFO c.n.r.s.AlquilerService [main] Servicio: Listando alquileres con filtros: arrendadorId=2, arrendatarioId=null, productoId=null
2026-02-02 16:30:23,387 INFO c.n.r.s.AlquilerService [main] Servicio: Listando alquileres con filtros: arrendadorId=null, arrendatarioId=3, productoId=null
2026-02-02 16:30:23,387 INFO c.n.r.s.AlquilerService [main] Servicio: buscando alquiler por ID 1
2026-02-02 16:30:23,387 INFO c.n.r.s.AlquilerService [main] Agregando nuevo alquiler: productoId 1, arrendadorId 2, arrendatarioId 3
2026-02-02 16:30:23,387 INFO c.n.r.s.AlquilerService [main] Alquiler creado correctamente con ID 1
2026-02-02 16:30:23,387 INFO c.n.r.s.AlquilerService [main] Servicio: Modificando alquiler con ID 1
2026-02-02 16:30:23,387 INFO c.n.r.s.AlquilerService [main] Servicio: Alquiler actualizado correctamente con ID 1
2026-02-02 16:30:23,404 INFO o.s.t.c.s.AnnotationConfigContextLoaderUtils [main] Could not detect default configuration classes for test class [com.natalia.relab.CategoriaControllerTests]: CategoriaControllerTests does not declare any static, non-private, non-final, nested classes annotated with @Configuration.
2026-02-02 16:30:23,418 INFO o.s.b.t.c.SpringBootTestContextBootstrapper [main] Found @SpringBootConfiguration com.natalia.relab.RelabApplication for test class com.natalia.relab.CategoriaControllerTests
2026-02-02 16:30:23,434 INFO o.s.b.StartupInfoLogger [main] Starting CategoriaControllerTests using Java 21.0.8 with PID 6024 (started by natal in D:\DAM\Segundo\AccesoDatos\AA1\API_ReLab)
2026-02-02 16:30:23,434 INFO o.s.b.SpringApplication [main] No active profile set, falling back to 1 default profile: "default"
2026-02-02 16:30:23,625 INFO o.s.m.w.MockServletContext [main] Initializing Spring TestDispatcherServlet ''
2026-02-02 16:30:23,625 INFO o.s.w.s.FrameworkServlet [main] Initializing Servlet ''
2026-02-02 16:30:23,625 INFO o.s.w.s.FrameworkServlet [main] Completed initialization in 0 ms
2026-02-02 16:30:23,625 INFO o.s.b.StartupInfoLogger [main] Started CategoriaControllerTests in 0.207 seconds (process running for 4.46)
2026-02-02 16:30:23,641 INFO c.n.r.c.CategoriaController [main] GET /categorias/1 - Solicitando categoría por ID
2026-02-02 16:30:23,641 INFO c.n.r.c.CategoriaController [main] GET /categorias/1 - Categoría encontrada correctamente
2026-02-02 16:30:23,657 WARN c.n.r.c.GlobalExceptionHandler [main] Error de validación detectado: Validation failed for argument [0] in public org.springframework.http.ResponseEntity<com.natalia.relab.dto.CategoriaOutDto> com.natalia.relab.controller.CategoriaController.agregarCategorias(com.natalia.relab.dto.CategoriaInDto) with 2 errors: [Field error in object 'categoriaInDto' on field 'nombre': rejected value []; codes [NotBlank.categoriaInDto.nombre,NotBlank.nombre,NotBlank.java.lang.String,NotBlank]; arguments [org.springframework.context.support.DefaultMessageSourceResolvable: codes [categoriaInDto.nombre,nombre]; arguments []; default message [nombre]]; default message [El nombre es un campo obligatorio]] [Field error in object 'categoriaInDto' on field 'descripcion': rejected value [abcd]; codes [Size.categoriaInDto.descripcion,Size.descripcion,Size.java.lang.String,Size]; arguments [org.springframework.context.support.DefaultMessageSourceResolvable: codes [categoriaInDto.descripcion,descripcion]; arguments []; default message [descripcion],2147483647,10]; default message [La descripción debe tener al menos 10 caracteres]] 
2026-02-02 16:30:23,673 WARN c.n.r.c.GlobalExceptionHandler [main] Error de validación detectado: Validation failed for argument [0] in public org.springframework.http.ResponseEntity<com.natalia.relab.dto.CategoriaOutDto> com.natalia.relab.controller.CategoriaController.actualizarCategoria(com.natalia.relab.dto.CategoriaUpdateDto,long) throws exception.CategoriaNoEncontradaException with 2 errors: [Field error in object 'categoriaUpdateDto' on field 'descripcion': rejected value [Corta]; codes [Size.categoriaUpdateDto.descripcion,Size.descripcion,Size.java.lang.String,Size]; arguments [org.springframework.context.support.DefaultMessageSourceResolvable: codes [categoriaUpdateDto.descripcion,descripcion]; arguments []; default message [descripcion],2147483647,10]; default message [La descripción debe tener al menos 10 caracteres]] [Field error in object 'categoriaUpdateDto' on field 'nombre': rejected value []; codes [Size.categoriaUpdateDto.nombre,Size.nombre,Size.java.lang.String,Size]; arguments [org.springframework.context.support.DefaultMessageSourceResolvable: codes [categoriaUpdateDto.nombre,nombre]; arguments []; default message [nombre],2147483647,1]; default message [El nombre no puede estar vacío]] 
2026-02-02 16:30:23,673 WARN c.n.r.c.CategoriaController [main] DELETE /categorias/1 - Eliminación solicitada
2026-02-02 16:30:23,673 INFO c.n.r.c.CategoriaController [main] Categoría 1 eliminada correctamente
2026-02-02 16:30:23,689 INFO c.n.r.c.CategoriaController [main] PUT /categorias/1 - Actualización de categoría solicitada
2026-02-02 16:30:23,689 INFO c.n.r.c.CategoriaController [main] PUT /categorias/1 - Categoría actualizada correctamente
2026-02-02 16:30:23,689 WARN c.n.r.c.CategoriaController [main] DELETE /categorias/999 - Eliminación solicitada
2026-02-02 16:30:23,689 WARN c.n.r.c.GlobalExceptionHandler [main] Recurso no encontrado: CategoriaNoEncontradaException
2026-02-02 16:30:23,705 INFO c.n.r.c.CategoriaController [main] PUT /categorias/999 - Actualización de categoría solicitada
2026-02-02 16:30:23,705 WARN c.n.r.c.GlobalExceptionHandler [main] Recurso no encontrado: CategoriaNoEncontradaException
2026-02-02 16:30:23,705 INFO c.n.r.c.CategoriaController [main] POST /categorias - Creación de nueva categoría solicitada
2026-02-02 16:30:23,705 INFO c.n.r.c.CategoriaController [main] POST /categorias - Nueva categoría creada con ID 1
2026-02-02 16:30:23,720 INFO c.n.r.c.CategoriaController [main] GET /categorias/99 - Solicitando categoría por ID
2026-02-02 16:30:23,720 WARN c.n.r.c.GlobalExceptionHandler [main] Recurso no encontrado: CategoriaNoEncontradaException
2026-02-02 16:30:23,741 INFO c.n.r.c.CategoriaController [main] GET /categorías - filtros: nombre='Microscopios', activa=null, fechaCreacion=null, desde=null, hasta=null
2026-02-02 16:30:23,741 INFO c.n.r.c.CategoriaController [main] Se devolvieron 1 categorias
2026-02-02 16:30:23,741 INFO c.n.r.c.CategoriaController [main] GET /categorías - filtros: nombre='null', activa=null, fechaCreacion=null, desde=null, hasta=null
2026-02-02 16:30:23,741 INFO c.n.r.c.CategoriaController [main] Se devolvieron 2 categorias
2026-02-02 16:30:23,773 INFO c.n.r.s.CategoriaService [main] Buscando categoría por ID 99
2026-02-02 16:30:23,773 ERROR c.n.r.s.CategoriaService [main] Categoría 99 no encontrada
2026-02-02 16:30:23,789 INFO c.n.r.s.CategoriaService [main] Listando categorías con filtros - nombre: null, activa: null, fechaCreacion: null, desde: null, hasta: 2025-11-30
2026-02-02 16:30:23,789 INFO c.n.r.s.CategoriaService [main] Listando categorías con filtros - nombre: cent, activa: true, fechaCreacion: null, desde: 2025-11-01, hasta: 2025-11-30
2026-02-02 16:30:23,789 INFO c.n.r.s.CategoriaService [main] Intentando crear nueva categoría
2026-02-02 16:30:23,789 INFO c.n.r.s.CategoriaService [main] Categoría creada con ID 1
2026-02-02 16:30:23,789 INFO c.n.r.s.CategoriaService [main] Listando categorías con filtros - nombre: null, activa: null, fechaCreacion: 2025-11-23, desde: null, hasta: null
2026-02-02 16:30:23,805 INFO c.n.r.s.CategoriaService [main] Listando categorías con filtros - nombre: null, activa: true, fechaCreacion: null, desde: null, hasta: null
2026-02-02 16:30:23,808 WARN c.n.r.s.CategoriaService [main] Intentando eliminar categoría 1
2026-02-02 16:30:23,808 INFO c.n.r.s.CategoriaService [main] Categoría 1 eliminada correctamente
2026-02-02 16:30:23,814 INFO c.n.r.s.CategoriaService [main] Listando categorías con filtros - nombre: Centrífugas, activa: null, fechaCreacion: null, desde: null, hasta: null
2026-02-02 16:30:23,815 INFO c.n.r.s.CategoriaService [main] Listando categorías con filtros - nombre: null, activa: null, fechaCreacion: null, desde: 2025-11-01, hasta: 2025-11-30
2026-02-02 16:30:23,815 INFO c.n.r.s.CategoriaService [main] Listando categorías con filtros - nombre: null, activa: null, fechaCreacion: null, desde: null, hasta: null
2026-02-02 16:30:23,815 WARN c.n.r.s.CategoriaService [main] Intentando eliminar categoría 99
2026-02-02 16:30:23,815 ERROR c.n.r.s.CategoriaService [main] Categoría 99 no encontrada
2026-02-02 16:30:23,815 INFO c.n.r.s.CategoriaService [main] Intentando modificar categoría con ID 1
2026-02-02 16:30:23,815 INFO c.n.r.s.CategoriaService [main] Categoría 1 actualizada correctamente
2026-02-02 16:30:23,830 INFO c.n.r.s.CategoriaService [main] Listando categorías con filtros - nombre: null, activa: null, fechaCreacion: null, desde: 2025-11-01, hasta: null
2026-02-02 16:30:23,830 INFO c.n.r.s.CategoriaService [main] Buscando categoría por ID 1
2026-02-02 16:30:23,830 INFO c.n.r.s.CategoriaService [main] Intentando modificar categoría con ID 99
2026-02-02 16:30:23,830 ERROR c.n.r.s.CategoriaService [main] Categoría 99 no encontrada
2026-02-02 16:30:23,830 INFO o.s.t.c.s.AnnotationConfigContextLoaderUtils [main] Could not detect default configuration classes for test class [com.natalia.relab.CompraventaControllerTests]: CompraventaControllerTests does not declare any static, non-private, non-final, nested classes annotated with @Configuration.
2026-02-02 16:30:23,846 INFO o.s.b.t.c.SpringBootTestContextBootstrapper [main] Found @SpringBootConfiguration com.natalia.relab.RelabApplication for test class com.natalia.relab.CompraventaControllerTests
2026-02-02 16:30:23,866 INFO o.s.b.StartupInfoLogger [main] Starting CompraventaControllerTests using Java 21.0.8 with PID 6024 (started by natal in D:\DAM\Segundo\AccesoDatos\AA1\API_ReLab)
2026-02-02 16:30:23,866 INFO o.s.b.SpringApplication [main] No active profile set, falling back to 1 default profile: "default"
2026-02-02 16:30:24,022 INFO o.s.m.w.MockServletContext [main] Initializing Spring TestDispatcherServlet ''
2026-02-02 16:30:24,023 INFO o.s.w.s.FrameworkServlet [main] Initializing Servlet ''
2026-02-02 16:30:24,024 INFO o.s.w.s.FrameworkServlet [main] Completed initialization in 1 ms
2026-02-02 16:30:24,029 INFO o.s.b.StartupInfoLogger [main] Started CompraventaControllerTests in 0.183 seconds (process running for 4.854)
2026-02-02 16:30:24,042 INFO c.n.r.c.CompraventaController [main] POST /compraventas - creando compraventa para productoId 1 entre compradorId 2 y vendedorId 3
2026-02-02 16:30:24,043 INFO c.n.r.c.CompraventaController [main] Compraventa creada con id 1
2026-02-02 16:30:24,051 INFO c.n.r.c.CompraventaController [main] POST /compraventas - creando compraventa para productoId 99 entre compradorId 1 y vendedorId 2
2026-02-02 16:30:24,053 WARN c.n.r.c.GlobalExceptionHandler [main] Recurso no encontrado: ProductoNoEncontradoException
2026-02-02 16:30:24,060 INFO c.n.r.c.CompraventaController [main] GET /compraventas - Filtros recibidos -> compradorId=null, vendedorId=null, productoId=null
2026-02-02 16:30:24,061 INFO c.n.r.c.CompraventaController [main] Resultado: 1 compraventas encontradas
2026-02-02 16:30:24,067 WARN c.n.r.c.CompraventaController [main] DELETE /compraventas/1 solicitado
2026-02-02 16:30:24,068 INFO c.n.r.c.CompraventaController [main] Compraventa con id 1 eliminada correctamente
2026-02-02 16:30:24,075 WARN c.n.r.c.CompraventaController [main] DELETE /compraventas/99 solicitado
2026-02-02 16:30:24,076 WARN c.n.r.c.GlobalExceptionHandler [main] Recurso no encontrado: CompraventaNoEncontradaException
2026-02-02 16:30:24,086 INFO c.n.r.c.CompraventaController [main] PUT /compraventas/1 actualizando
2026-02-02 16:30:24,087 INFO c.n.r.c.CompraventaController [main] Compraventa con id 1 actualizada correctamente
2026-02-02 16:30:24,093 WARN c.n.r.c.GlobalExceptionHandler [main] Error de validación detectado: Validation failed for argument [0] in public org.springframework.http.ResponseEntity<com.natalia.relab.dto.CompraventaOutDto> com.natalia.relab.controller.CompraventaController.actualizarCompraventa(com.natalia.relab.dto.CompraventaUpdateDto,long) throws exception.CompraventaNoEncontradaException: [Field error in object 'compraventaUpdateDto' on field 'precioFinal': rejected value [-5.0]; codes [Min.compraventaUpdateDto.precioFinal,Min.precioFinal,Min.java.lang.Float,Min]; arguments [org.springframework.context.support.DefaultMessageSourceResolvable: codes [compraventaUpdateDto.precioFinal,precioFinal]; arguments []; default message [precioFinal],0]; default message [El precio debe ser mayor que cero]] 
2026-02-02 16:30:24,098 INFO c.n.r.c.CompraventaController [main] POST /compraventas - creando compraventa para productoId 1 entre compradorId 2 y vendedorId 3
2026-02-02 16:30:24,100 WARN c.n.r.c.GlobalExceptionHandler [main] Conflicto: producto ya vendido
2026-02-02 16:30:24,104 INFO c.n.r.c.CompraventaController [main] GET /compraventas/1 solicitado
2026-02-02 16:30:24,105 INFO c.n.r.c.CompraventaController [main] Compraventa con id 1 encontrada
2026-02-02 16:30:24,110 INFO c.n.r.c.CompraventaController [main] GET /compraventas/99 solicitado
2026-02-02 16:30:24,112 WARN c.n.r.c.GlobalExceptionHandler [main] Recurso no encontrado: CompraventaNoEncontradaException
2026-02-02 16:30:24,117 INFO c.n.r.c.CompraventaController [main] GET /compraventas - Filtros recibidos -> compradorId=99, vendedorId=null, productoId=null
2026-02-02 16:30:24,118 WARN c.n.r.c.GlobalExceptionHandler [main] Recurso no encontrado: UsuarioNoEncontradoException
2026-02-02 16:30:24,119 WARN c.n.r.c.GlobalExceptionHandler [main] Error de validación detectado: Validation failed for argument [0] in public org.springframework.http.ResponseEntity<com.natalia.relab.dto.CompraventaOutDto> com.natalia.relab.controller.CompraventaController.agregarCompraventa(com.natalia.relab.dto.CompraventaInDto) throws exception.UsuarioNoEncontradoException,exception.ProductoNoEncontradoException,exception.ProductoYaVendidoException: [Field error in object 'compraventaInDto' on field 'productoId': rejected value [null]; codes [NotNull.compraventaInDto.productoId,NotNull.productoId,NotNull.java.lang.Long,NotNull]; arguments [org.springframework.context.support.DefaultMessageSourceResolvable: codes [compraventaInDto.productoId,productoId]; arguments []; default message [productoId]]; default message [Debe especificarse el producto comprado/vendido]] 
2026-02-02 16:30:24,151 INFO c.n.r.s.CompraventaService [main] Servicio: Listar compraventas con filtros -> compradorId=null, vendedorId=null, productoId=5
2026-02-02 16:30:24,166 INFO c.n.r.s.CompraventaService [main] Servicio: Listar compraventas con filtros -> compradorId=10, vendedorId=null, productoId=null
2026-02-02 16:30:24,166 INFO c.n.r.s.CompraventaService [main] Servicio: Listar compraventas con filtros -> compradorId=null, vendedorId=20, productoId=null
2026-02-02 16:30:24,166 WARN c.n.r.s.CompraventaService [main] Servicio: Eliminar compraventa 999
2026-02-02 16:30:24,166 ERROR c.n.r.s.CompraventaService [main] Compraventa 999 no encontrada para eliminar
2026-02-02 16:30:24,166 WARN c.n.r.s.CompraventaService [main] Servicio: Eliminar compraventa 1
2026-02-02 16:30:24,166 INFO c.n.r.s.CompraventaService [main] Compraventa 1 eliminada correctamente
2026-02-02 16:30:24,166 INFO c.n.r.s.CompraventaService [main] Servicio: Listar compraventas con filtros -> compradorId=1, vendedorId=2, productoId=10
2026-02-02 16:30:24,182 INFO c.n.r.s.CompraventaService [main] Agregando compraventa de producto id 1 entre comprador id 2 y vendedor id 3
2026-02-02 16:30:24,182 WARN c.n.r.s.CompraventaService [main] Producto 1 ya ha sido vendido. Operación cancelada
2026-02-02 16:30:24,182 INFO c.n.r.s.CompraventaService [main] Servicio: Listar compraventas con filtros -> compradorId=null, vendedorId=null, productoId=null
2026-02-02 16:30:24,182 INFO c.n.r.s.CompraventaService [main] Servicio: Modificar compraventa por ID 1
2026-02-02 16:30:24,182 INFO c.n.r.s.CompraventaService [main] Compraventa 1 actualizada correctamente
2026-02-02 16:30:24,182 INFO c.n.r.s.CompraventaService [main] Servicio: Listar compraventas con filtros -> compradorId=null, vendedorId=null, productoId=5
2026-02-02 16:30:24,182 INFO c.n.r.s.CompraventaService [main] Servicio: Buscar compraventa por ID 999
2026-02-02 16:30:24,198 ERROR c.n.r.s.CompraventaService [main] Compraventa no encontrada con ID 999
2026-02-02 16:30:24,198 INFO c.n.r.s.CompraventaService [main] Servicio: Listar compraventas con filtros -> compradorId=null, vendedorId=null, productoId=99
2026-02-02 16:30:24,198 INFO c.n.r.s.CompraventaService [main] Servicio: Listar compraventas con filtros -> compradorId=null, vendedorId=999, productoId=null
2026-02-02 16:30:24,198 INFO c.n.r.s.CompraventaService [main] Servicio: Buscar compraventa por ID 1
2026-02-02 16:30:24,198 INFO c.n.r.s.CompraventaService [main] Servicio: Listar compraventas con filtros -> compradorId=999, vendedorId=null, productoId=null
2026-02-02 16:30:24,214 INFO c.n.r.s.CompraventaService [main] Agregando compraventa de producto id 1 entre comprador id 2 y vendedor id 3
2026-02-02 16:30:24,214 INFO c.n.r.s.CompraventaService [main] Compraventa creada correctamente. ID=1
2026-02-02 16:30:24,214 INFO o.s.t.c.s.AnnotationConfigContextLoaderUtils [main] Could not detect default configuration classes for test class [com.natalia.relab.ProductoControllerTests]: ProductoControllerTests does not declare any static, non-private, non-final, nested classes annotated with @Configuration.
2026-02-02 16:30:24,214 INFO o.s.b.t.c.SpringBootTestContextBootstrapper [main] Found @SpringBootConfiguration com.natalia.relab.RelabApplication for test class com.natalia.relab.ProductoControllerTests
2026-02-02 16:30:24,229 INFO o.s.b.StartupInfoLogger [main] Starting ProductoControllerTests using Java 21.0.8 with PID 6024 (started by natal in D:\DAM\Segundo\AccesoDatos\AA1\API_ReLab)
2026-02-02 16:30:24,229 INFO o.s.b.SpringApplication [main] No active profile set, falling back to 1 default profile: "default"
2026-02-02 16:30:24,380 INFO o.s.m.w.MockServletContext [main] Initializing Spring TestDispatcherServlet ''
2026-02-02 16:30:24,380 INFO o.s.w.s.FrameworkServlet [main] Initializing Servlet ''
2026-02-02 16:30:24,396 INFO o.s.w.s.FrameworkServlet [main] Completed initialization in 16 ms
2026-02-02 16:30:24,396 INFO o.s.b.StartupInfoLogger [main] Started ProductoControllerTests in 0.182 seconds (process running for 5.224)
2026-02-02 16:30:24,428 INFO c.n.r.c.ProductoController [main] POST /productos - creando nuevo producto. Nombre=Producto Test, UsuarioId=1, CategoriaId=999
2026-02-02 16:30:24,428 WARN c.n.r.c.GlobalExceptionHandler [main] Recurso no encontrado: CategoriaNoEncontradaException
2026-02-02 16:30:24,428 INFO c.n.r.c.ProductoController [main] PUT /productos/999 - actualización solicitada
2026-02-02 16:30:24,428 WARN c.n.r.c.GlobalExceptionHandler [main] Recurso no encontrado: ProductoNoEncontradoException
2026-02-02 16:30:24,444 INFO c.n.r.c.ProductoController [main] GET /productos/999 - solicitando producto por ID
2026-02-02 16:30:24,444 WARN c.n.r.c.GlobalExceptionHandler [main] Recurso no encontrado: ProductoNoEncontradoException
2026-02-02 16:30:24,444 INFO c.n.r.c.ProductoController [main] POST /productos - creando nuevo producto. Nombre=Producto Test, UsuarioId=999, CategoriaId=null
2026-02-02 16:30:24,444 WARN c.n.r.c.GlobalExceptionHandler [main] Recurso no encontrado: UsuarioNoEncontradoException
2026-02-02 16:30:24,444 INFO c.n.r.c.ProductoController [main] GET /productos - filtros: nombre=Producto Test, activo=null, categoriaId=null, usuarioId=null
2026-02-02 16:30:24,460 INFO c.n.r.c.ProductoController [main] GET /productos - encontrados 1 productos
2026-02-02 16:30:24,460 WARN c.n.r.c.ProductoController [main] DELETE /productos/999 - eliminación solicitada
2026-02-02 16:30:24,460 WARN c.n.r.c.GlobalExceptionHandler [main] Recurso no encontrado: ProductoNoEncontradoException
2026-02-02 16:30:24,460 INFO c.n.r.c.ProductoController [main] GET /productos/1 - solicitando producto por ID
2026-02-02 16:30:24,460 INFO c.n.r.c.ProductoController [main] GET /productos/1 - producto encontrado correctamente
2026-02-02 16:30:24,476 WARN c.n.r.c.ProductoController [main] DELETE /productos/1 - eliminación solicitada
2026-02-02 16:30:24,476 WARN c.n.r.c.ProductoController [main] DELETE /productos/1 - producto eliminado
2026-02-02 16:30:24,476 INFO c.n.r.c.ProductoController [main] PUT /productos/1 - actualización solicitada
2026-02-02 16:30:24,476 INFO c.n.r.c.ProductoController [main] PUT /productos/1 - producto actualizado correctamente
2026-02-02 16:30:24,476 INFO c.n.r.c.ProductoController [main] GET /productos - filtros: nombre=null, activo=null, categoriaId=999, usuarioId=null
2026-02-02 16:30:24,476 WARN c.n.r.c.GlobalExceptionHandler [main] Recurso no encontrado: CategoriaNoEncontradaException
2026-02-02 16:30:24,476 INFO c.n.r.c.ProductoController [main] POST /productos - creando nuevo producto. Nombre=Producto Test, UsuarioId=1, CategoriaId=2
2026-02-02 16:30:24,492 INFO c.n.r.c.ProductoController [main] POST /productos - producto creado con ID 10
2026-02-02 16:30:24,492 WARN c.n.r.c.GlobalExceptionHandler [main] Error de validación detectado: Validation failed for argument [0] in public org.springframework.http.ResponseEntity<com.natalia.relab.dto.ProductoOutDto> com.natalia.relab.controller.ProductoController.actualizarProducto(com.natalia.relab.dto.ProductoUpdateDto,long) throws exception.ProductoNoEncontradoException,exception.CategoriaNoEncontradaException: [Field error in object 'productoUpdateDto' on field 'nombre': rejected value []; codes [Size.productoUpdateDto.nombre,Size.nombre,Size.java.lang.String,Size]; arguments [org.springframework.context.support.DefaultMessageSourceResolvable: codes [productoUpdateDto.nombre,nombre]; arguments []; default message [nombre],2147483647,1]; default message [El nombre no puede estar vacío]] 
2026-02-02 16:30:24,492 WARN c.n.r.c.GlobalExceptionHandler [main] Error de validación detectado: Validation failed for argument [0] in public org.springframework.http.ResponseEntity<com.natalia.relab.dto.ProductoOutDto> com.natalia.relab.controller.ProductoController.agregarProducto(com.natalia.relab.dto.ProductoInDto) throws exception.CategoriaNoEncontradaException,exception.UsuarioNoEncontradoException: [Field error in object 'productoInDto' on field 'nombre': rejected value [null]; codes [NotBlank.productoInDto.nombre,NotBlank.nombre,NotBlank.java.lang.String,NotBlank]; arguments [org.springframework.context.support.DefaultMessageSourceResolvable: codes [productoInDto.nombre,nombre]; arguments []; default message [nombre]]; default message [El nombre del producto es un campo obligatorio]] 
2026-02-02 16:30:24,507 WARN c.n.r.s.ProductoService [main] Producto 999 no encontrado
2026-02-02 16:30:24,507 WARN c.n.r.s.ProductoService [main] Servicio: eliminando producto 5
2026-02-02 16:30:24,523 WARN c.n.r.s.ProductoService [main] Producto 5 eliminado correctamente
2026-02-02 16:30:24,523 INFO c.n.r.s.ProductoService [main] Servicio: creando producto 'Producto1'
2026-02-02 16:30:24,523 WARN c.n.r.s.ProductoService [main] Usuario 99 no encontrado
2026-02-02 16:30:24,523 WARN c.n.r.s.ProductoService [main] Servicio: eliminando producto 999
2026-02-02 16:30:24,523 WARN c.n.r.s.ProductoService [main] Producto 999 no encontrado al intentar eliminar
2026-02-02 16:30:24,539 INFO c.n.r.s.ProductoService [main] Servicio: actualizando producto 1
2026-02-02 16:30:24,545 INFO c.n.r.s.ProductoService [main] Producto 1 actualizado correctamente
2026-02-02 16:30:24,545 INFO c.n.r.s.ProductoService [main] Servicio: actualizando producto 999
2026-02-02 16:30:24,545 WARN c.n.r.s.ProductoService [main] Producto 999 no encontrado al intentar actualizar
2026-02-02 16:30:24,545 INFO c.n.r.s.ProductoService [main] Servicio: creando producto 'Producto1'
2026-02-02 16:30:24,545 INFO c.n.r.s.ProductoService [main] Producto creado con ID 100
2026-02-02 16:30:24,561 INFO o.s.t.c.s.AnnotationConfigContextLoaderUtils [main] Could not detect default configuration classes for test class [com.natalia.relab.UsuarioControllerTests]: UsuarioControllerTests does not declare any static, non-private, non-final, nested classes annotated with @Configuration.
2026-02-02 16:30:24,561 INFO o.s.b.t.c.SpringBootTestContextBootstrapper [main] Found @SpringBootConfiguration com.natalia.relab.RelabApplication for test class com.natalia.relab.UsuarioControllerTests
2026-02-02 16:30:24,581 INFO o.s.b.StartupInfoLogger [main] Starting UsuarioControllerTests using Java 21.0.8 with PID 6024 (started by natal in D:\DAM\Segundo\AccesoDatos\AA1\API_ReLab)
2026-02-02 16:30:24,581 INFO o.s.b.SpringApplication [main] No active profile set, falling back to 1 default profile: "default"
2026-02-02 16:30:24,746 INFO o.s.m.w.MockServletContext [main] Initializing Spring TestDispatcherServlet ''
2026-02-02 16:30:24,746 INFO o.s.w.s.FrameworkServlet [main] Initializing Servlet ''
2026-02-02 16:30:24,746 INFO o.s.w.s.FrameworkServlet [main] Completed initialization in 0 ms
2026-02-02 16:30:24,746 INFO o.s.b.StartupInfoLogger [main] Started UsuarioControllerTests in 0.17 seconds (process running for 5.585)
2026-02-02 16:30:24,762 INFO c.n.r.c.UsuarioController [main] GET /usuarios - filtros: nickname=user1, tipoUsuario=null, cuentaActiva=null
2026-02-02 16:30:24,762 INFO c.n.r.c.UsuarioController [main] Resultado: 1 usuarios encontrados
2026-02-02 16:30:24,762 INFO c.n.r.c.UsuarioController [main] GET /usuarios/99 solicitado
2026-02-02 16:30:24,778 WARN c.n.r.c.GlobalExceptionHandler [main] Recurso no encontrado: UsuarioNoEncontradoException
2026-02-02 16:30:24,809 INFO c.n.r.c.UsuarioController [main] POST /usuarios - creando usuario con nickname natalia
2026-02-02 16:30:24,809 INFO c.n.r.c.UsuarioController [main] Usuario creado con id 1
2026-02-02 16:30:24,809 INFO c.n.r.c.UsuarioController [main] PUT /usuarios/5 - actualización solicitada
2026-02-02 16:30:24,809 INFO c.n.r.c.UsuarioController [main] Usuario 5 actualizado correctamente
2026-02-02 16:30:24,825 INFO c.n.r.c.UsuarioController [main] GET /usuarios - filtros: nickname=inexistente, tipoUsuario=null, cuentaActiva=null
2026-02-02 16:30:24,825 WARN c.n.r.c.GlobalExceptionHandler [main] Recurso no encontrado: UsuarioNoEncontradoException
2026-02-02 16:30:24,825 INFO c.n.r.c.UsuarioController [main] GET /usuarios - filtros: nickname=null, tipoUsuario=null, cuentaActiva=null
2026-02-02 16:30:24,825 INFO c.n.r.c.UsuarioController [main] Resultado: 2 usuarios encontrados
2026-02-02 16:30:24,825 INFO c.n.r.c.UsuarioController [main] PUT /usuarios/5 - actualización solicitada
2026-02-02 16:30:24,825 WARN c.n.r.c.GlobalExceptionHandler [main] Intento de creación con datos duplicados: NicknameYaExisteException
2026-02-02 16:30:24,841 INFO c.n.r.c.UsuarioController [main] PUT /usuarios/999 - actualización solicitada
2026-02-02 16:30:24,841 WARN c.n.r.c.GlobalExceptionHandler [main] Recurso no encontrado: UsuarioNoEncontradoException
2026-02-02 16:30:24,841 INFO c.n.r.c.UsuarioController [main] GET /usuarios/1 solicitado
2026-02-02 16:30:24,841 INFO c.n.r.c.UsuarioController [main] Usuario con id 1 encontrado
2026-02-02 16:30:24,841 WARN c.n.r.c.UsuarioController [main] DELETE /usuarios/5 solicitado
2026-02-02 16:30:24,841 INFO c.n.r.c.UsuarioController [main] Usuario 5 eliminado correctamente
2026-02-02 16:30:24,841 WARN c.n.r.c.UsuarioController [main] DELETE /usuarios/999 solicitado
2026-02-02 16:30:24,857 WARN c.n.r.c.GlobalExceptionHandler [main] Recurso no encontrado: UsuarioNoEncontradoException
2026-02-02 16:30:24,857 WARN c.n.r.c.GlobalExceptionHandler [main] Error de validación detectado: Validation failed for argument [0] in public org.springframework.http.ResponseEntity<com.natalia.relab.dto.UsuarioOutDto> com.natalia.relab.controller.UsuarioController.agregarUsuario(com.natalia.relab.dto.UsuarioInDto) with 3 errors: [Field error in object 'usuarioInDto' on field 'nickname': rejected value []; codes [NotBlank.usuarioInDto.nickname,NotBlank.nickname,NotBlank.java.lang.String,NotBlank]; arguments [org.springframework.context.support.DefaultMessageSourceResolvable: codes [usuarioInDto.nickname,nickname]; arguments []; default message [nickname]]; default message [El nickname es un campo obligatorio]] [Field error in object 'usuarioInDto' on field 'email': rejected value [email-mal]; codes [Email.usuarioInDto.email,Email.email,Email.java.lang.String,Email]; arguments [org.springframework.context.support.DefaultMessageSourceResolvable: codes [usuarioInDto.email,email]; arguments []; default message [email],[Ljakarta.validation.constraints.Pattern$Flag;@3071d086,.*]; default message [El formato de email no es válido]] [Field error in object 'usuarioInDto' on field 'password': rejected value [123]; codes [Size.usuarioInDto.password,Size.password,Size.java.lang.String,Size]; arguments [org.springframework.context.support.DefaultMessageSourceResolvable: codes [usuarioInDto.password,password]; arguments []; default message [password],2147483647,4]; default message [La contraseña debe tener al menos 4 carácteres]] 
2026-02-02 16:30:24,857 INFO c.n.r.s.UsuarioService [main] Buscando usuario por id 999
2026-02-02 16:30:24,870 ERROR c.n.r.s.UsuarioService [main] Usuario con id 999 no encontrado
2026-02-02 16:30:24,873 INFO c.n.r.s.UsuarioService [main] Modificando usuario con id 999
2026-02-02 16:30:24,873 ERROR c.n.r.s.UsuarioService [main] Usuario 999 no encontrado para modificar
2026-02-02 16:30:24,873 INFO c.n.r.s.UsuarioService [main] Agregando usuario con nickname usuarioExistente
2026-02-02 16:30:24,873 ERROR c.n.r.s.UsuarioService [main] Error: nickname usuarioExistente ya existe
2026-02-02 16:30:24,873 INFO c.n.r.s.UsuarioService [main] Listando usuarios con filtros nickname=JuanPerez, tipoUsuario=empresa, cuentaActiva=true
2026-02-02 16:30:24,873 INFO c.n.r.s.UsuarioService [main] Listando usuarios con filtros nickname=null, tipoUsuario=empresa, cuentaActiva=null
2026-02-02 16:30:24,873 INFO c.n.r.s.UsuarioService [main] Agregando usuario con nickname usuario1
2026-02-02 16:30:24,873 INFO c.n.r.s.UsuarioService [main] Usuario creado con id 42
2026-02-02 16:30:24,889 INFO c.n.r.s.UsuarioService [main] Listando usuarios con filtros nickname=null, tipoUsuario=null, cuentaActiva=true
2026-02-02 16:30:24,891 INFO c.n.r.s.UsuarioService [main] Listando usuarios con filtros nickname=null, tipoUsuario=null, cuentaActiva=null
2026-02-02 16:30:24,891 INFO c.n.r.s.UsuarioService [main] Modificando usuario con id 5
2026-02-02 16:30:24,891 INFO c.n.r.s.UsuarioService [main] Usuario 5 modificado correctamente
2026-02-02 16:30:24,891 INFO c.n.r.s.UsuarioService [main] Listando usuarios con filtros nickname=usuarioInexistente, tipoUsuario=null, cuentaActiva=null
2026-02-02 16:30:24,891 INFO c.n.r.s.UsuarioService [main] Listando usuarios con filtros nickname=usuario1, tipoUsuario=null, cuentaActiva=null
2026-02-02 16:30:24,905 WARN c.n.r.s.UsuarioService [main] Eliminando usuario con id 999
2026-02-02 16:30:24,905 ERROR c.n.r.s.UsuarioService [main] No se puede eliminar, el usuario 999 no existe
2026-02-02 16:30:24,905 INFO c.n.r.s.UsuarioService [main] Listando usuarios con filtros nickname=usuario1, tipoUsuario=null, cuentaActiva=null
2026-02-02 16:30:24,912 INFO c.n.r.s.UsuarioService [main] Buscando usuario por id 10
2026-02-02 16:30:24,914 WARN c.n.r.s.UsuarioService [main] Eliminando usuario con id 10
2026-02-02 16:30:24,914 INFO c.n.r.s.UsuarioService [main] Usuario 10 eliminado
2026-02-02 16:32:52,446 INFO o.h.v.i.u.Version [background-preinit] HV000001: Hibernate Validator 8.0.3.Final
2026-02-02 16:32:52,481 INFO o.s.b.StartupInfoLogger [main] Starting RelabApplication using Java 21.0.8 with PID 17360 (D:\DAM\Segundo\AccesoDatos\AA1\API_ReLab\target\classes started by natal in D:\DAM\Segundo\AccesoDatos\AA1\API_ReLab)
2026-02-02 16:32:52,481 INFO o.s.b.SpringApplication [main] No active profile set, falling back to 1 default profile: "default"
2026-02-02 16:32:52,919 INFO o.s.d.r.c.RepositoryConfigurationDelegate [main] Bootstrapping Spring Data JPA repositories in DEFAULT mode.
2026-02-02 16:32:52,962 INFO o.s.d.r.c.RepositoryConfigurationDelegate [main] Finished Spring Data repository scanning in 37 ms. Found 5 JPA repository interfaces.
2026-02-02 16:32:53,279 INFO o.s.b.w.e.t.TomcatWebServer [main] Tomcat initialized with port 8080 (http)
2026-02-02 16:32:53,288 INFO o.a.j.l.DirectJDKLog [main] Initializing ProtocolHandler ["http-nio-8080"]
2026-02-02 16:32:53,291 INFO o.a.j.l.DirectJDKLog [main] Starting service [Tomcat]
2026-02-02 16:32:53,291 INFO o.a.j.l.DirectJDKLog [main] Starting Servlet engine: [Apache Tomcat/10.1.46]
2026-02-02 16:32:53,336 INFO o.a.j.l.DirectJDKLog [main] Initializing Spring embedded WebApplicationContext
2026-02-02 16:32:53,338 INFO o.s.b.w.s.c.ServletWebServerApplicationContext [main] Root WebApplicationContext: initialization completed in 827 ms
2026-02-02 16:32:53,434 INFO o.h.j.i.u.LogHelper [main] HHH000204: Processing PersistenceUnitInfo [name: default]
2026-02-02 16:32:53,479 INFO o.h.Version [main] HHH000412: Hibernate ORM core version 6.6.29.Final
2026-02-02 16:32:53,506 INFO o.h.c.i.RegionFactoryInitiator [main] HHH000026: Second-level cache disabled
2026-02-02 16:32:53,681 INFO o.s.o.j.p.SpringPersistenceUnitInfo [main] No LoadTimeWeaver setup: ignoring JPA class transformer
2026-02-02 16:32:53,702 INFO c.z.h.HikariDataSource [main] HikariPool-1 - Starting...
2026-02-02 16:32:53,761 INFO c.z.h.p.HikariPool [main] HikariPool-1 - Added connection org.mariadb.jdbc.Connection@1d1c37d5
2026-02-02 16:32:53,761 INFO c.z.h.HikariDataSource [main] HikariPool-1 - Start completed.
2026-02-02 16:32:53,777 WARN o.h.e.j.d.i.DialectFactoryImpl [main] HHH90000025: MariaDBDialect does not need to be specified explicitly using 'hibernate.dialect' (remove the property setting and it will be selected by default)
2026-02-02 16:32:53,793 INFO o.h.e.j.e.i.JdbcEnvironmentInitiator [main] HHH10001005: Database info:
	Database JDBC URL [Connecting through datasource 'HikariDataSource (HikariPool-1)']
	Database driver: undefined/unknown
	Database version: 12.0.2
	Autocommit mode: undefined/unknown
	Isolation level: undefined/unknown
	Minimum pool size: undefined/unknown
	Maximum pool size: undefined/unknown
2026-02-02 16:32:54,440 INFO o.h.e.t.j.p.i.JtaPlatformInitiator [main] HHH000489: No JTA platform available (set 'hibernate.transaction.jta.platform' to enable JTA platform integration)
2026-02-02 16:32:54,482 INFO o.s.o.j.AbstractEntityManagerFactoryBean [main] Initialized JPA EntityManagerFactory for persistence unit 'default'
2026-02-02 16:32:54,731 WARN o.s.b.a.o.j.JpaBaseConfiguration$JpaWebConfiguration [main] spring.jpa.open-in-view is enabled by default. Therefore, database queries may be performed during view rendering. Explicitly configure spring.jpa.open-in-view to disable this warning
2026-02-02 16:32:54,906 INFO o.a.j.l.DirectJDKLog [main] Starting ProtocolHandler ["http-nio-8080"]
2026-02-02 16:32:54,918 INFO o.s.b.w.e.t.TomcatWebServer [main] Tomcat started on port 8080 (http) with context path '/'
2026-02-02 16:32:54,918 INFO o.s.b.StartupInfoLogger [main] Started RelabApplication in 2.764 seconds (process running for 2.98)
2026-02-02 16:33:14,130 INFO o.a.j.l.DirectJDKLog [http-nio-8080-exec-1] Initializing Spring DispatcherServlet 'dispatcherServlet'
2026-02-02 16:33:14,130 INFO o.s.w.s.FrameworkServlet [http-nio-8080-exec-1] Initializing Servlet 'dispatcherServlet'
2026-02-02 16:33:14,131 INFO o.s.w.s.FrameworkServlet [http-nio-8080-exec-1] Completed initialization in 1 ms
2026-02-02 16:33:14,154 INFO c.n.r.c.UsuarioController [http-nio-8080-exec-1] GET /usuarios - filtros: nickname=LukaNuevo, tipoUsuario=Empresa, cuentaActiva=null
2026-02-02 16:33:14,154 INFO c.n.r.s.UsuarioService [http-nio-8080-exec-1] Listando usuarios con filtros nickname=LukaNuevo, tipoUsuario=Empresa, cuentaActiva=null
2026-02-02 16:33:14,244 INFO c.n.r.c.UsuarioController [http-nio-8080-exec-1] Resultado: 1 usuarios encontrados
2026-02-02 16:33:39,551 INFO c.n.r.c.UsuarioController [http-nio-8080-exec-2] GET /usuarios - filtros: nickname=null, tipoUsuario=Empresa, cuentaActiva=true
2026-02-02 16:33:39,551 INFO c.n.r.s.UsuarioService [http-nio-8080-exec-2] Listando usuarios con filtros nickname=null, tipoUsuario=Empresa, cuentaActiva=true
2026-02-02 16:33:39,558 INFO c.n.r.c.UsuarioController [http-nio-8080-exec-2] Resultado: 7 usuarios encontrados
2026-02-02 16:34:08,964 INFO o.s.b.w.e.t.GracefulShutdown [SpringApplicationShutdownHook] Commencing graceful shutdown. Waiting for active requests to complete
2026-02-02 16:34:08,976 INFO o.s.b.w.e.t.GracefulShutdown [tomcat-shutdown] Graceful shutdown complete
2026-02-02 16:34:08,979 INFO o.s.o.j.AbstractEntityManagerFactoryBean [SpringApplicationShutdownHook] Closing JPA EntityManagerFactory for persistence unit 'default'
2026-02-02 16:34:08,980 INFO c.z.h.HikariDataSource [SpringApplicationShutdownHook] HikariPool-1 - Shutdown initiated...
2026-02-02 16:34:08,982 INFO c.z.h.HikariDataSource [SpringApplicationShutdownHook] HikariPool-1 - Shutdown completed.
2026-02-02 16:43:32,456 INFO o.h.v.i.u.Version [background-preinit] HV000001: Hibernate Validator 8.0.3.Final
2026-02-02 16:43:32,484 INFO o.s.b.StartupInfoLogger [main] Starting RelabApplication using Java 21.0.8 with PID 28856 (D:\DAM\Segundo\AccesoDatos\AA1\API_ReLab\target\classes started by natal in D:\DAM\Segundo\AccesoDatos\AA1\API_ReLab)
2026-02-02 16:43:32,485 INFO o.s.b.SpringApplication [main] No active profile set, falling back to 1 default profile: "default"
2026-02-02 16:43:32,809 INFO o.s.d.r.c.RepositoryConfigurationDelegate [main] Bootstrapping Spring Data JPA repositories in DEFAULT mode.
2026-02-02 16:43:32,854 INFO o.s.d.r.c.RepositoryConfigurationDelegate [main] Finished Spring Data repository scanning in 30 ms. Found 5 JPA repository interfaces.
2026-02-02 16:43:33,106 INFO o.s.b.w.e.t.TomcatWebServer [main] Tomcat initialized with port 8080 (http)
2026-02-02 16:43:33,115 INFO o.a.j.l.DirectJDKLog [main] Initializing ProtocolHandler ["http-nio-8080"]
2026-02-02 16:43:33,115 INFO o.a.j.l.DirectJDKLog [main] Starting service [Tomcat]
2026-02-02 16:43:33,115 INFO o.a.j.l.DirectJDKLog [main] Starting Servlet engine: [Apache Tomcat/10.1.46]
2026-02-02 16:43:33,151 INFO o.a.j.l.DirectJDKLog [main] Initializing Spring embedded WebApplicationContext
2026-02-02 16:43:33,151 INFO o.s.b.w.s.c.ServletWebServerApplicationContext [main] Root WebApplicationContext: initialization completed in 640 ms
2026-02-02 16:43:33,228 INFO o.h.j.i.u.LogHelper [main] HHH000204: Processing PersistenceUnitInfo [name: default]
2026-02-02 16:43:33,251 INFO o.h.Version [main] HHH000412: Hibernate ORM core version 6.6.29.Final
2026-02-02 16:43:33,266 INFO o.h.c.i.RegionFactoryInitiator [main] HHH000026: Second-level cache disabled
2026-02-02 16:43:33,378 INFO o.s.o.j.p.SpringPersistenceUnitInfo [main] No LoadTimeWeaver setup: ignoring JPA class transformer
2026-02-02 16:43:33,394 INFO c.z.h.HikariDataSource [main] HikariPool-1 - Starting...
2026-02-02 16:43:33,472 INFO c.z.h.p.HikariPool [main] HikariPool-1 - Added connection org.mariadb.jdbc.Connection@3dfe59d7
2026-02-02 16:43:33,472 INFO c.z.h.HikariDataSource [main] HikariPool-1 - Start completed.
2026-02-02 16:43:33,488 WARN o.h.e.j.d.i.DialectFactoryImpl [main] HHH90000025: MariaDBDialect does not need to be specified explicitly using 'hibernate.dialect' (remove the property setting and it will be selected by default)
2026-02-02 16:43:33,488 INFO o.h.e.j.e.i.JdbcEnvironmentInitiator [main] HHH10001005: Database info:
	Database JDBC URL [Connecting through datasource 'HikariDataSource (HikariPool-1)']
	Database driver: undefined/unknown
	Database version: 12.0.2
	Autocommit mode: undefined/unknown
	Isolation level: undefined/unknown
	Minimum pool size: undefined/unknown
	Maximum pool size: undefined/unknown
2026-02-02 16:43:33,982 INFO o.h.e.t.j.p.i.JtaPlatformInitiator [main] HHH000489: No JTA platform available (set 'hibernate.transaction.jta.platform' to enable JTA platform integration)
2026-02-02 16:43:34,020 INFO o.s.o.j.AbstractEntityManagerFactoryBean [main] Initialized JPA EntityManagerFactory for persistence unit 'default'
2026-02-02 16:43:34,220 WARN o.s.b.a.o.j.JpaBaseConfiguration$JpaWebConfiguration [main] spring.jpa.open-in-view is enabled by default. Therefore, database queries may be performed during view rendering. Explicitly configure spring.jpa.open-in-view to disable this warning
2026-02-02 16:43:34,365 INFO o.a.j.l.DirectJDKLog [main] Starting ProtocolHandler ["http-nio-8080"]
2026-02-02 16:43:34,382 INFO o.s.b.w.e.t.TomcatWebServer [main] Tomcat started on port 8080 (http) with context path '/'
2026-02-02 16:43:34,382 INFO o.s.b.StartupInfoLogger [main] Started RelabApplication in 2.175 seconds (process running for 2.345)
2026-02-02 16:44:25,431 INFO o.a.j.l.DirectJDKLog [http-nio-8080-exec-2] Initializing Spring DispatcherServlet 'dispatcherServlet'
2026-02-02 16:44:25,432 INFO o.s.w.s.FrameworkServlet [http-nio-8080-exec-2] Initializing Servlet 'dispatcherServlet'
2026-02-02 16:44:25,432 INFO o.s.w.s.FrameworkServlet [http-nio-8080-exec-2] Completed initialization in 0 ms
2026-02-02 16:44:25,460 INFO c.n.r.c.UsuarioController [http-nio-8080-exec-2] GET /usuarios - filtros: nickname=Fer34, tipoUsuario=null, cuentaActiva=null
2026-02-02 16:44:25,461 INFO c.n.r.s.UsuarioService [http-nio-8080-exec-2] Listando usuarios con filtros nickname=Fer34, tipoUsuario=null, cuentaActiva=null
2026-02-02 16:44:25,562 INFO c.n.r.c.UsuarioController [http-nio-8080-exec-2] Resultado: 1 usuarios encontrados
2026-02-02 16:44:34,296 INFO c.n.r.c.UsuarioController [http-nio-8080-exec-3] GET /usuarios - filtros: nickname=Fer34, tipoUsuario=null, cuentaActiva=true
2026-02-02 16:44:34,298 INFO c.n.r.s.UsuarioService [http-nio-8080-exec-3] Listando usuarios con filtros nickname=Fer34, tipoUsuario=null, cuentaActiva=true
2026-02-02 16:44:34,308 INFO c.n.r.c.UsuarioController [http-nio-8080-exec-3] Resultado: 1 usuarios encontrados
2026-02-02 16:44:38,895 INFO c.n.r.c.UsuarioController [http-nio-8080-exec-4] GET /usuarios - filtros: nickname=null, tipoUsuario=empresa, cuentaActiva=true
2026-02-02 16:44:38,895 INFO c.n.r.s.UsuarioService [http-nio-8080-exec-4] Listando usuarios con filtros nickname=null, tipoUsuario=empresa, cuentaActiva=true
2026-02-02 16:44:38,901 INFO c.n.r.c.UsuarioController [http-nio-8080-exec-4] Resultado: 7 usuarios encontrados
2026-02-02 16:45:09,439 INFO c.n.r.c.ProductoController [http-nio-8080-exec-6] GET /productos - filtros: nombre=balanza, activo=true, categoriaId=5, usuarioId=3
2026-02-02 16:45:09,668 INFO c.n.r.c.ProductoController [http-nio-8080-exec-6] GET /productos - encontrados 1 productos
2026-02-02 16:45:18,270 INFO c.n.r.c.ProductoController [http-nio-8080-exec-5] GET /productos - filtros: nombre=balanza, activo=true, categoriaId=5, usuarioId=null
2026-02-02 16:45:18,286 INFO c.n.r.c.ProductoController [http-nio-8080-exec-5] GET /productos - encontrados 2 productos
2026-02-02 16:45:21,865 INFO c.n.r.c.ProductoController [http-nio-8080-exec-7] GET /productos - filtros: nombre=balanza, activo=true, categoriaId=5, usuarioId=3
2026-02-02 16:45:21,881 INFO c.n.r.c.ProductoController [http-nio-8080-exec-7] GET /productos - encontrados 1 productos
2026-02-02 16:45:35,703 INFO c.n.r.c.CategoriaController [http-nio-8080-exec-8] GET /categorías - filtros: nombre='dicroismo', activa=true, fechaCreacion=2025-10-24, desde=null, hasta=null
2026-02-02 16:45:35,703 INFO c.n.r.s.CategoriaService [http-nio-8080-exec-8] Listando categorías con filtros - nombre: dicroismo, activa: true, fechaCreacion: 2025-10-24, desde: null, hasta: null
2026-02-02 16:45:35,710 INFO c.n.r.c.CategoriaController [http-nio-8080-exec-8] Se devolvieron 1 categorias
2026-02-02 16:45:42,224 INFO c.n.r.c.CategoriaController [http-nio-8080-exec-9] GET /categorías - filtros: nombre='dicroismo', activa=true, fechaCreacion=null, desde=2025-10-01, hasta=null
2026-02-02 16:45:42,224 INFO c.n.r.s.CategoriaService [http-nio-8080-exec-9] Listando categorías con filtros - nombre: dicroismo, activa: true, fechaCreacion: null, desde: 2025-10-01, hasta: null
2026-02-02 16:45:42,228 INFO c.n.r.c.CategoriaController [http-nio-8080-exec-9] Se devolvieron 1 categorias
2026-02-02 16:45:45,582 INFO c.n.r.c.CategoriaController [http-nio-8080-exec-10] GET /categorías - filtros: nombre='dicroismo', activa=true, fechaCreacion=2025-10-24, desde=2025-10-01, hasta=2025-11-05
2026-02-02 16:45:45,584 INFO c.n.r.s.CategoriaService [http-nio-8080-exec-10] Listando categorías con filtros - nombre: dicroismo, activa: true, fechaCreacion: 2025-10-24, desde: 2025-10-01, hasta: 2025-11-05
2026-02-02 16:45:45,590 INFO c.n.r.c.CategoriaController [http-nio-8080-exec-10] Se devolvieron 1 categorias
2026-02-02 16:45:49,235 INFO c.n.r.c.CategoriaController [http-nio-8080-exec-1] GET /categorías - filtros: nombre='dicroismo', activa=true, fechaCreacion=null, desde=null, hasta=2025-11-05
2026-02-02 16:45:49,235 INFO c.n.r.s.CategoriaService [http-nio-8080-exec-1] Listando categorías con filtros - nombre: dicroismo, activa: true, fechaCreacion: null, desde: null, hasta: 2025-11-05
2026-02-02 16:45:49,238 INFO c.n.r.c.CategoriaController [http-nio-8080-exec-1] Se devolvieron 1 categorias
2026-02-02 16:45:56,143 INFO c.n.r.c.CategoriaController [http-nio-8080-exec-2] GET /categorías - filtros: nombre='dicroismo', activa=true, fechaCreacion=2025-10-24, desde=2025-10-01, hasta=2025-11-05
2026-02-02 16:45:56,143 INFO c.n.r.s.CategoriaService [http-nio-8080-exec-2] Listando categorías con filtros - nombre: dicroismo, activa: true, fechaCreacion: 2025-10-24, desde: 2025-10-01, hasta: 2025-11-05
2026-02-02 16:45:56,146 INFO c.n.r.c.CategoriaController [http-nio-8080-exec-2] Se devolvieron 1 categorias
2026-02-02 16:46:08,999 INFO c.n.r.c.CategoriaController [http-nio-8080-exec-3] GET /categorías - filtros: nombre='null', activa=null, fechaCreacion=null, desde=null, hasta=2025-11-05
2026-02-02 16:46:09,000 INFO c.n.r.s.CategoriaService [http-nio-8080-exec-3] Listando categorías con filtros - nombre: null, activa: null, fechaCreacion: null, desde: null, hasta: 2025-11-05
2026-02-02 16:46:09,003 INFO c.n.r.c.CategoriaController [http-nio-8080-exec-3] Se devolvieron 5 categorias
2026-02-02 16:46:12,152 INFO c.n.r.c.CategoriaController [http-nio-8080-exec-4] GET /categorías - filtros: nombre='null', activa=true, fechaCreacion=null, desde=null, hasta=2025-11-05
2026-02-02 16:46:12,154 INFO c.n.r.s.CategoriaService [http-nio-8080-exec-4] Listando categorías con filtros - nombre: null, activa: true, fechaCreacion: null, desde: null, hasta: 2025-11-05
2026-02-02 16:46:12,160 INFO c.n.r.c.CategoriaController [http-nio-8080-exec-4] Se devolvieron 4 categorias
2026-02-02 16:46:41,327 INFO o.s.b.w.e.t.GracefulShutdown [SpringApplicationShutdownHook] Commencing graceful shutdown. Waiting for active requests to complete
2026-02-02 16:46:41,329 INFO o.s.b.w.e.t.GracefulShutdown [tomcat-shutdown] Graceful shutdown complete
2026-02-02 16:46:41,329 INFO o.s.o.j.AbstractEntityManagerFactoryBean [SpringApplicationShutdownHook] Closing JPA EntityManagerFactory for persistence unit 'default'
2026-02-02 16:46:41,345 INFO c.z.h.HikariDataSource [SpringApplicationShutdownHook] HikariPool-1 - Shutdown initiated...
2026-02-02 16:46:41,345 INFO c.z.h.HikariDataSource [SpringApplicationShutdownHook] HikariPool-1 - Shutdown completed.
2026-02-02 20:45:21,370 INFO o.h.v.i.u.Version [background-preinit] HV000001: Hibernate Validator 8.0.3.Final
2026-02-02 20:45:21,412 INFO o.s.b.StartupInfoLogger [main] Starting RelabApplication using Java 21.0.8 with PID 24788 (D:\DAM\Segundo\AccesoDatos\AA1\API_ReLab\target\classes started by natal in D:\DAM\Segundo\AccesoDatos\AA1\API_ReLab)
2026-02-02 20:45:21,412 INFO o.s.b.SpringApplication [main] No active profile set, falling back to 1 default profile: "default"
2026-02-02 20:45:21,841 INFO o.s.d.r.c.RepositoryConfigurationDelegate [main] Bootstrapping Spring Data JPA repositories in DEFAULT mode.
2026-02-02 20:45:21,890 INFO o.s.d.r.c.RepositoryConfigurationDelegate [main] Finished Spring Data repository scanning in 34 ms. Found 5 JPA repository interfaces.
2026-02-02 20:45:22,211 INFO o.s.b.w.e.t.TomcatWebServer [main] Tomcat initialized with port 8080 (http)
2026-02-02 20:45:22,221 INFO o.a.j.l.DirectJDKLog [main] Initializing ProtocolHandler ["http-nio-8080"]
2026-02-02 20:45:22,221 INFO o.a.j.l.DirectJDKLog [main] Starting service [Tomcat]
2026-02-02 20:45:22,221 INFO o.a.j.l.DirectJDKLog [main] Starting Servlet engine: [Apache Tomcat/10.1.46]
2026-02-02 20:45:22,268 INFO o.a.j.l.DirectJDKLog [main] Initializing Spring embedded WebApplicationContext
2026-02-02 20:45:22,268 INFO o.s.b.w.s.c.ServletWebServerApplicationContext [main] Root WebApplicationContext: initialization completed in 824 ms
2026-02-02 20:45:22,363 INFO o.h.j.i.u.LogHelper [main] HHH000204: Processing PersistenceUnitInfo [name: default]
2026-02-02 20:45:22,401 INFO o.h.Version [main] HHH000412: Hibernate ORM core version 6.6.29.Final
2026-02-02 20:45:22,421 INFO o.h.c.i.RegionFactoryInitiator [main] HHH000026: Second-level cache disabled
2026-02-02 20:45:22,601 INFO o.s.o.j.p.SpringPersistenceUnitInfo [main] No LoadTimeWeaver setup: ignoring JPA class transformer
2026-02-02 20:45:22,621 INFO c.z.h.HikariDataSource [main] HikariPool-1 - Starting...
2026-02-02 20:45:22,697 INFO c.z.h.p.HikariPool [main] HikariPool-1 - Added connection org.mariadb.jdbc.Connection@4be12f6c
2026-02-02 20:45:22,701 INFO c.z.h.HikariDataSource [main] HikariPool-1 - Start completed.
2026-02-02 20:45:22,722 WARN o.h.e.j.d.i.DialectFactoryImpl [main] HHH90000025: MariaDBDialect does not need to be specified explicitly using 'hibernate.dialect' (remove the property setting and it will be selected by default)
2026-02-02 20:45:22,731 INFO o.h.e.j.e.i.JdbcEnvironmentInitiator [main] HHH10001005: Database info:
	Database JDBC URL [Connecting through datasource 'HikariDataSource (HikariPool-1)']
	Database driver: undefined/unknown
	Database version: 12.0.2
	Autocommit mode: undefined/unknown
	Isolation level: undefined/unknown
	Minimum pool size: undefined/unknown
	Maximum pool size: undefined/unknown
2026-02-02 20:45:23,291 INFO o.h.e.t.j.p.i.JtaPlatformInitiator [main] HHH000489: No JTA platform available (set 'hibernate.transaction.jta.platform' to enable JTA platform integration)
2026-02-02 20:45:23,351 INFO o.s.o.j.AbstractEntityManagerFactoryBean [main] Initialized JPA EntityManagerFactory for persistence unit 'default'
2026-02-02 20:45:23,592 WARN o.s.b.a.o.j.JpaBaseConfiguration$JpaWebConfiguration [main] spring.jpa.open-in-view is enabled by default. Therefore, database queries may be performed during view rendering. Explicitly configure spring.jpa.open-in-view to disable this warning
2026-02-02 20:45:23,781 INFO o.a.j.l.DirectJDKLog [main] Starting ProtocolHandler ["http-nio-8080"]
2026-02-02 20:45:23,791 INFO o.s.b.w.e.t.TomcatWebServer [main] Tomcat started on port 8080 (http) with context path '/'
2026-02-02 20:45:23,791 INFO o.s.b.StartupInfoLogger [main] Started RelabApplication in 2.74 seconds (process running for 2.953)
2026-02-02 20:45:42,599 INFO o.a.j.l.DirectJDKLog [http-nio-8080-exec-2] Initializing Spring DispatcherServlet 'dispatcherServlet'
2026-02-02 20:45:42,599 INFO o.s.w.s.FrameworkServlet [http-nio-8080-exec-2] Initializing Servlet 'dispatcherServlet'
2026-02-02 20:45:42,600 INFO o.s.w.s.FrameworkServlet [http-nio-8080-exec-2] Completed initialization in 1 ms
2026-02-02 20:45:42,628 INFO c.n.r.c.CompraventaController [http-nio-8080-exec-2] GET /compraventas - Filtros recibidos -> compradorId=3, vendedorId=5, productoId=14
2026-02-02 20:45:42,628 INFO c.n.r.s.CompraventaService [http-nio-8080-exec-2] Servicio: Listar compraventas con filtros -> compradorId=3, vendedorId=5, productoId=14
2026-02-02 20:45:43,003 INFO c.n.r.c.CompraventaController [http-nio-8080-exec-2] Resultado: 1 compraventas encontradas
2026-02-02 21:22:19,965 INFO o.s.b.w.e.t.GracefulShutdown [SpringApplicationShutdownHook] Commencing graceful shutdown. Waiting for active requests to complete
2026-02-02 21:22:19,973 INFO o.s.b.w.e.t.GracefulShutdown [tomcat-shutdown] Graceful shutdown complete
2026-02-02 21:22:19,973 INFO o.s.o.j.AbstractEntityManagerFactoryBean [SpringApplicationShutdownHook] Closing JPA EntityManagerFactory for persistence unit 'default'
2026-02-02 21:22:19,973 INFO c.z.h.HikariDataSource [SpringApplicationShutdownHook] HikariPool-1 - Shutdown initiated...
2026-02-02 21:22:19,985 INFO c.z.h.HikariDataSource [SpringApplicationShutdownHook] HikariPool-1 - Shutdown completed.
2026-02-02 21:25:36,890 INFO o.h.v.i.u.Version [background-preinit] HV000001: Hibernate Validator 8.0.3.Final
2026-02-02 21:25:36,923 INFO o.s.b.StartupInfoLogger [main] Starting RelabApplication using Java 21.0.8 with PID 17152 (D:\DAM\Segundo\AccesoDatos\AA1\API_ReLab\target\classes started by natal in D:\DAM\Segundo\AccesoDatos\AA1\API_ReLab)
2026-02-02 21:25:36,929 INFO o.s.b.SpringApplication [main] No active profile set, falling back to 1 default profile: "default"
2026-02-02 21:25:37,253 INFO o.s.d.r.c.RepositoryConfigurationDelegate [main] Bootstrapping Spring Data JPA repositories in DEFAULT mode.
2026-02-02 21:25:37,283 INFO o.s.d.r.c.RepositoryConfigurationDelegate [main] Finished Spring Data repository scanning in 27 ms. Found 5 JPA repository interfaces.
2026-02-02 21:25:37,543 INFO o.s.b.w.e.t.TomcatWebServer [main] Tomcat initialized with port 8080 (http)
2026-02-02 21:25:37,543 INFO o.a.j.l.DirectJDKLog [main] Initializing ProtocolHandler ["http-nio-8080"]
2026-02-02 21:25:37,543 INFO o.a.j.l.DirectJDKLog [main] Starting service [Tomcat]
2026-02-02 21:25:37,543 INFO o.a.j.l.DirectJDKLog [main] Starting Servlet engine: [Apache Tomcat/10.1.46]
2026-02-02 21:25:37,588 INFO o.a.j.l.DirectJDKLog [main] Initializing Spring embedded WebApplicationContext
2026-02-02 21:25:37,588 INFO o.s.b.w.s.c.ServletWebServerApplicationContext [main] Root WebApplicationContext: initialization completed in 632 ms
2026-02-02 21:25:37,663 INFO o.h.j.i.u.LogHelper [main] HHH000204: Processing PersistenceUnitInfo [name: default]
2026-02-02 21:25:37,687 INFO o.h.Version [main] HHH000412: Hibernate ORM core version 6.6.29.Final
2026-02-02 21:25:37,695 INFO o.h.c.i.RegionFactoryInitiator [main] HHH000026: Second-level cache disabled
2026-02-02 21:25:37,823 INFO o.s.o.j.p.SpringPersistenceUnitInfo [main] No LoadTimeWeaver setup: ignoring JPA class transformer
2026-02-02 21:25:37,843 INFO c.z.h.HikariDataSource [main] HikariPool-1 - Starting...
2026-02-02 21:25:37,893 INFO c.z.h.p.HikariPool [main] HikariPool-1 - Added connection org.mariadb.jdbc.Connection@1d1c37d5
2026-02-02 21:25:37,897 INFO c.z.h.HikariDataSource [main] HikariPool-1 - Start completed.
2026-02-02 21:25:37,903 WARN o.h.e.j.d.i.DialectFactoryImpl [main] HHH90000025: MariaDBDialect does not need to be specified explicitly using 'hibernate.dialect' (remove the property setting and it will be selected by default)
2026-02-02 21:25:37,923 INFO o.h.e.j.e.i.JdbcEnvironmentInitiator [main] HHH10001005: Database info:
	Database JDBC URL [Connecting through datasource 'HikariDataSource (HikariPool-1)']
	Database driver: undefined/unknown
	Database version: 12.0.2
	Autocommit mode: undefined/unknown
	Isolation level: undefined/unknown
	Minimum pool size: undefined/unknown
	Maximum pool size: undefined/unknown
2026-02-02 21:25:38,417 INFO o.h.e.t.j.p.i.JtaPlatformInitiator [main] HHH000489: No JTA platform available (set 'hibernate.transaction.jta.platform' to enable JTA platform integration)
2026-02-02 21:25:38,453 INFO o.s.o.j.AbstractEntityManagerFactoryBean [main] Initialized JPA EntityManagerFactory for persistence unit 'default'
2026-02-02 21:25:38,663 WARN o.s.b.a.o.j.JpaBaseConfiguration$JpaWebConfiguration [main] spring.jpa.open-in-view is enabled by default. Therefore, database queries may be performed during view rendering. Explicitly configure spring.jpa.open-in-view to disable this warning
2026-02-02 21:25:38,829 INFO o.a.j.l.DirectJDKLog [main] Starting ProtocolHandler ["http-nio-8080"]
2026-02-02 21:25:38,841 INFO o.s.b.w.e.t.TomcatWebServer [main] Tomcat started on port 8080 (http) with context path '/'
2026-02-02 21:25:38,844 INFO o.s.b.StartupInfoLogger [main] Started RelabApplication in 2.199 seconds (process running for 2.369)
2026-02-02 21:27:05,598 INFO o.a.j.l.DirectJDKLog [http-nio-8080-exec-1] Initializing Spring DispatcherServlet 'dispatcherServlet'
2026-02-02 21:27:05,598 INFO o.s.w.s.FrameworkServlet [http-nio-8080-exec-1] Initializing Servlet 'dispatcherServlet'
2026-02-02 21:27:05,599 INFO o.s.w.s.FrameworkServlet [http-nio-8080-exec-1] Completed initialization in 0 ms
2026-02-02 21:27:05,623 INFO c.n.r.c.UsuarioController [http-nio-8080-exec-1] GET /usuarios - filtros: nickname=null, tipoUsuario=null, cuentaActiva=null
2026-02-02 21:27:05,624 INFO c.n.r.s.UsuarioService [http-nio-8080-exec-1] Listando usuarios con filtros nickname=null, tipoUsuario=null, cuentaActiva=null
2026-02-02 21:27:05,767 INFO c.n.r.c.UsuarioController [http-nio-8080-exec-1] Resultado: 26 usuarios encontrados
2026-02-02 21:27:21,819 INFO c.n.r.c.UsuarioController [http-nio-8080-exec-3] GET /usuarios - filtros: nickname=null, tipoUsuario=empresa, cuentaActiva=null
2026-02-02 21:27:21,819 INFO c.n.r.s.UsuarioService [http-nio-8080-exec-3] Listando usuarios con filtros nickname=null, tipoUsuario=empresa, cuentaActiva=null
2026-02-02 21:27:21,825 INFO c.n.r.c.UsuarioController [http-nio-8080-exec-3] Resultado: 13 usuarios encontrados
2026-02-02 21:27:33,831 INFO c.n.r.c.UsuarioController [http-nio-8080-exec-4] GET /usuarios - filtros: nickname=null, tipoUsuario=particular, cuentaActiva=null
2026-02-02 21:27:33,831 INFO c.n.r.s.UsuarioService [http-nio-8080-exec-4] Listando usuarios con filtros nickname=null, tipoUsuario=particular, cuentaActiva=null
2026-02-02 21:27:33,841 INFO c.n.r.c.UsuarioController [http-nio-8080-exec-4] Resultado: 9 usuarios encontrados
2026-02-02 21:27:51,619 INFO c.n.r.c.UsuarioController [http-nio-8080-exec-5] GET /usuarios - filtros: nickname=null, tipoUsuario=particular, cuentaActiva=false
2026-02-02 21:27:51,620 INFO c.n.r.s.UsuarioService [http-nio-8080-exec-5] Listando usuarios con filtros nickname=null, tipoUsuario=particular, cuentaActiva=false
2026-02-02 21:27:51,625 INFO c.n.r.c.UsuarioController [http-nio-8080-exec-5] Resultado: 3 usuarios encontrados
2026-02-02 21:27:57,737 INFO c.n.r.c.UsuarioController [http-nio-8080-exec-6] GET /usuarios - filtros: nickname=null, tipoUsuario=particular, cuentaActiva=true
2026-02-02 21:27:57,738 INFO c.n.r.s.UsuarioService [http-nio-8080-exec-6] Listando usuarios con filtros nickname=null, tipoUsuario=particular, cuentaActiva=true
2026-02-02 21:27:57,746 INFO c.n.r.c.UsuarioController [http-nio-8080-exec-6] Resultado: 6 usuarios encontrados
2026-02-02 21:28:19,217 INFO c.n.r.c.UsuarioController [http-nio-8080-exec-7] GET /usuarios - filtros: nickname=Maria, tipoUsuario=particular, cuentaActiva=true
2026-02-02 21:28:19,217 INFO c.n.r.s.UsuarioService [http-nio-8080-exec-7] Listando usuarios con filtros nickname=Maria, tipoUsuario=particular, cuentaActiva=true
2026-02-02 21:28:19,223 ERROR c.n.r.s.UsuarioService [http-nio-8080-exec-7] No se encontraron usuarios con nickname Maria
2026-02-02 21:28:19,226 WARN c.n.r.c.GlobalExceptionHandler [http-nio-8080-exec-7] Recurso no encontrado: UsuarioNoEncontradoException
2026-02-02 21:28:24,555 INFO c.n.r.c.UsuarioController [http-nio-8080-exec-8] GET /usuarios - filtros: nickname=Maria22, tipoUsuario=particular, cuentaActiva=true
2026-02-02 21:28:24,555 INFO c.n.r.s.UsuarioService [http-nio-8080-exec-8] Listando usuarios con filtros nickname=Maria22, tipoUsuario=particular, cuentaActiva=true
2026-02-02 21:28:24,560 INFO c.n.r.c.UsuarioController [http-nio-8080-exec-8] Resultado: 1 usuarios encontrados
2026-02-02 21:28:36,161 INFO c.n.r.c.AlquilerController [http-nio-8080-exec-10] GET /alquileres - Parámetros: arrendadorId=null, arrendatarioId=null, productoId=null
2026-02-02 21:28:36,162 INFO c.n.r.s.AlquilerService [http-nio-8080-exec-10] Servicio: Listando alquileres con filtros: arrendadorId=null, arrendatarioId=null, productoId=null
2026-02-02 21:28:36,183 INFO c.n.r.c.AlquilerController [http-nio-8080-exec-10] Resultado: 7 alquileres encontrados
2026-02-02 21:28:51,355 INFO c.n.r.c.AlquilerController [http-nio-8080-exec-9] GET /alquileres - Parámetros: arrendadorId=5, arrendatarioId=null, productoId=null
2026-02-02 21:28:51,355 INFO c.n.r.s.AlquilerService [http-nio-8080-exec-9] Servicio: Listando alquileres con filtros: arrendadorId=5, arrendatarioId=null, productoId=null
2026-02-02 21:28:51,575 INFO c.n.r.c.AlquilerController [http-nio-8080-exec-9] Resultado: 6 alquileres encontrados
2026-02-02 21:29:17,634 INFO c.n.r.c.AlquilerController [http-nio-8080-exec-2] GET /alquileres - Parámetros: arrendadorId=5, arrendatarioId=null, productoId=13
2026-02-02 21:29:17,635 INFO c.n.r.s.AlquilerService [http-nio-8080-exec-2] Servicio: Listando alquileres con filtros: arrendadorId=5, arrendatarioId=null, productoId=13
2026-02-02 21:29:17,647 INFO c.n.r.c.AlquilerController [http-nio-8080-exec-2] Resultado: 6 alquileres encontrados
2026-02-02 21:29:44,045 INFO c.n.r.c.AlquilerController [http-nio-8080-exec-1] GET /alquileres - Parámetros: arrendadorId=5, arrendatarioId=6, productoId=13
2026-02-02 21:29:44,046 INFO c.n.r.s.AlquilerService [http-nio-8080-exec-1] Servicio: Listando alquileres con filtros: arrendadorId=5, arrendatarioId=6, productoId=13
2026-02-02 21:29:44,056 INFO c.n.r.c.AlquilerController [http-nio-8080-exec-1] Resultado: 6 alquileres encontrados
2026-02-02 21:30:12,603 INFO o.s.b.w.e.t.GracefulShutdown [SpringApplicationShutdownHook] Commencing graceful shutdown. Waiting for active requests to complete
2026-02-02 21:30:12,619 INFO o.s.b.w.e.t.GracefulShutdown [tomcat-shutdown] Graceful shutdown complete
2026-02-02 21:30:12,622 INFO o.s.o.j.AbstractEntityManagerFactoryBean [SpringApplicationShutdownHook] Closing JPA EntityManagerFactory for persistence unit 'default'
2026-02-02 21:30:12,622 INFO c.z.h.HikariDataSource [SpringApplicationShutdownHook] HikariPool-1 - Shutdown initiated...
2026-02-02 21:30:12,622 INFO c.z.h.HikariDataSource [SpringApplicationShutdownHook] HikariPool-1 - Shutdown completed.
