2026-03-11 12:32:12,794 INFO o.h.v.i.u.Version [background-preinit] HV000001: Hibernate Validator 8.0.3.Final
2026-03-11 12:32:12,835 INFO o.s.b.StartupInfoLogger [main] Starting RelabApplication using Java 21.0.8 with PID 12348 (D:\DAM\Segundo\ProyectoIntermodular\ReLab\API_ReLab\target\classes started by natal in D:\DAM\Segundo\ProyectoIntermodular\ReLab\API_ReLab)
2026-03-11 12:32:12,836 INFO o.s.b.SpringApplication [main] No active profile set, falling back to 1 default profile: "default"
2026-03-11 12:32:13,319 INFO o.s.d.r.c.RepositoryConfigurationDelegate [main] Bootstrapping Spring Data JPA repositories in DEFAULT mode.
2026-03-11 12:32:13,371 INFO o.s.d.r.c.RepositoryConfigurationDelegate [main] Finished Spring Data repository scanning in 47 ms. Found 7 JPA repository interfaces.
2026-03-11 12:32:13,808 INFO o.s.b.w.e.t.TomcatWebServer [main] Tomcat initialized with port 8080 (http)
2026-03-11 12:32:13,818 INFO o.a.j.l.DirectJDKLog [main] Initializing ProtocolHandler ["http-nio-8080"]
2026-03-11 12:32:13,821 INFO o.a.j.l.DirectJDKLog [main] Starting service [Tomcat]
2026-03-11 12:32:13,821 INFO o.a.j.l.DirectJDKLog [main] Starting Servlet engine: [Apache Tomcat/10.1.46]
2026-03-11 12:32:13,863 INFO o.a.j.l.DirectJDKLog [main] Initializing Spring embedded WebApplicationContext
2026-03-11 12:32:13,864 INFO o.s.b.w.s.c.ServletWebServerApplicationContext [main] Root WebApplicationContext: initialization completed in 998 ms
2026-03-11 12:32:13,984 INFO o.h.j.i.u.LogHelper [main] HHH000204: Processing PersistenceUnitInfo [name: default]
2026-03-11 12:32:14,032 INFO o.h.Version [main] HHH000412: Hibernate ORM core version 6.6.29.Final
2026-03-11 12:32:14,053 INFO o.h.c.i.RegionFactoryInitiator [main] HHH000026: Second-level cache disabled
2026-03-11 12:32:14,243 INFO o.s.o.j.p.SpringPersistenceUnitInfo [main] No LoadTimeWeaver setup: ignoring JPA class transformer
2026-03-11 12:32:14,263 INFO c.z.h.HikariDataSource [main] HikariPool-1 - Starting...
2026-03-11 12:32:14,343 INFO c.z.h.p.HikariPool [main] HikariPool-1 - Added connection org.mariadb.jdbc.Connection@3c6bd624
2026-03-11 12:32:14,343 INFO c.z.h.HikariDataSource [main] HikariPool-1 - Start completed.
2026-03-11 12:32:14,373 WARN o.h.e.j.d.i.DialectFactoryImpl [main] HHH90000025: MariaDBDialect does not need to be specified explicitly using 'hibernate.dialect' (remove the property setting and it will be selected by default)
2026-03-11 12:32:14,395 INFO o.h.e.j.e.i.JdbcEnvironmentInitiator [main] HHH10001005: Database info:
	Database JDBC URL [Connecting through datasource 'HikariDataSource (HikariPool-1)']
	Database driver: undefined/unknown
	Database version: 12.0.2
	Autocommit mode: undefined/unknown
	Isolation level: undefined/unknown
	Minimum pool size: undefined/unknown
	Maximum pool size: undefined/unknown
2026-03-11 12:32:15,025 INFO o.h.e.t.j.p.i.JtaPlatformInitiator [main] HHH000489: No JTA platform available (set 'hibernate.transaction.jta.platform' to enable JTA platform integration)
2026-03-11 12:32:15,067 INFO o.s.o.j.AbstractEntityManagerFactoryBean [main] Initialized JPA EntityManagerFactory for persistence unit 'default'
2026-03-11 12:32:15,242 INFO o.s.d.j.r.q.QueryEnhancerFactory [main] Hibernate is in classpath; If applicable, HQL parser will be used.
2026-03-11 12:32:15,730 WARN o.s.b.a.o.j.JpaBaseConfiguration$JpaWebConfiguration [main] spring.jpa.open-in-view is enabled by default. Therefore, database queries may be performed during view rendering. Explicitly configure spring.jpa.open-in-view to disable this warning
2026-03-11 12:32:15,753 WARN o.s.b.a.s.s.UserDetailsServiceAutoConfiguration [main] 

Using generated security password: 4b69644b-1c44-42af-b4f3-7bbf10696fe6

This generated password is for development use only. Your security configuration must be updated before running your application in production.

2026-03-11 12:32:15,761 INFO o.s.s.c.a.a.c.InitializeUserDetailsBeanManagerConfigurer$InitializeUserDetailsManagerConfigurer [main] Global AuthenticationManager configured with UserDetailsService bean with name inMemoryUserDetailsManager
2026-03-11 12:32:16,159 INFO o.a.j.l.DirectJDKLog [main] Starting ProtocolHandler ["http-nio-8080"]
2026-03-11 12:32:16,173 INFO o.s.b.w.e.t.TomcatWebServer [main] Tomcat started on port 8080 (http) with context path '/'
2026-03-11 12:32:16,180 INFO o.s.b.StartupInfoLogger [main] Started RelabApplication in 3.707 seconds (process running for 3.915)
2026-03-11 12:33:04,045 INFO o.a.j.l.DirectJDKLog [http-nio-8080-exec-1] Initializing Spring DispatcherServlet 'dispatcherServlet'
2026-03-11 12:33:04,046 INFO o.s.w.s.FrameworkServlet [http-nio-8080-exec-1] Initializing Servlet 'dispatcherServlet'
2026-03-11 12:33:04,047 INFO o.s.w.s.FrameworkServlet [http-nio-8080-exec-1] Completed initialization in 1 ms
2026-03-11 12:33:17,838 INFO c.n.r.c.AuthController [http-nio-8080-exec-2] Intentando login con nickname: eva
2026-03-11 12:33:18,063 INFO c.n.r.c.UsuarioController [http-nio-8080-exec-3] GET /usuarios/me solicitado
2026-03-11 12:33:18,102 INFO c.n.r.c.UsuarioController [http-nio-8080-exec-3] Perfil del usuario 7 obtenido correctamente
2026-03-11 12:33:20,218 INFO c.n.r.c.ProductoController [http-nio-8080-exec-4] GET /productos - filtros: nombre=null, activo=false, categoriaId=null, usuarioId=null
2026-03-11 12:33:20,243 INFO c.n.r.c.ProductoController [http-nio-8080-exec-4] GET /productos - encontrados 6 productos
2026-03-11 12:33:21,354 INFO c.n.r.c.ProductoController [http-nio-8080-exec-5] GET /productos/15/imagen - solicitando imagen
2026-03-11 12:33:21,354 INFO c.n.r.c.ProductoController [http-nio-8080-exec-6] GET /productos/16/imagen - solicitando imagen
2026-03-11 12:33:21,356 INFO c.n.r.c.ProductoController [http-nio-8080-exec-7] GET /productos/17/imagen - solicitando imagen
2026-03-11 12:33:21,358 INFO c.n.r.c.ProductoController [http-nio-8080-exec-5] GET /productos/15/imagen - imagen servida correctamente
2026-03-11 12:33:21,359 INFO c.n.r.c.ProductoController [http-nio-8080-exec-7] GET /productos/17/imagen - imagen servida correctamente
2026-03-11 12:33:21,381 INFO c.n.r.c.ProductoController [http-nio-8080-exec-6] GET /productos/16/imagen - imagen servida correctamente
2026-03-11 12:33:24,492 INFO c.n.r.c.ServiciosController [http-nio-8080-exec-8] GET /servicios - solicitando todos los servicios
2026-03-11 12:33:24,493 INFO c.n.r.s.ServiciosService [http-nio-8080-exec-8] Intentando listar servicios
2026-03-11 12:35:10,612 INFO o.s.b.w.e.t.GracefulShutdown [SpringApplicationShutdownHook] Commencing graceful shutdown. Waiting for active requests to complete
2026-03-11 12:35:10,623 INFO o.s.b.w.e.t.GracefulShutdown [tomcat-shutdown] Graceful shutdown complete
2026-03-11 12:35:10,625 INFO o.s.o.j.AbstractEntityManagerFactoryBean [SpringApplicationShutdownHook] Closing JPA EntityManagerFactory for persistence unit 'default'
2026-03-11 12:35:10,627 INFO c.z.h.HikariDataSource [SpringApplicationShutdownHook] HikariPool-1 - Shutdown initiated...
2026-03-11 12:35:10,631 INFO c.z.h.HikariDataSource [SpringApplicationShutdownHook] HikariPool-1 - Shutdown completed.
2026-03-11 17:03:23,583 INFO o.h.v.i.u.Version [background-preinit] HV000001: Hibernate Validator 8.0.3.Final
2026-03-11 17:03:23,624 INFO o.s.b.StartupInfoLogger [main] Starting RelabApplication using Java 21.0.8 with PID 10028 (D:\DAM\Segundo\ProyectoIntermodular\ReLab\API_ReLab\target\classes started by natal in D:\DAM\Segundo\ProyectoIntermodular\ReLab\API_ReLab)
2026-03-11 17:03:23,625 INFO o.s.b.SpringApplication [main] No active profile set, falling back to 1 default profile: "default"
2026-03-11 17:03:24,071 INFO o.s.d.r.c.RepositoryConfigurationDelegate [main] Bootstrapping Spring Data JPA repositories in DEFAULT mode.
2026-03-11 17:03:24,112 INFO o.s.d.r.c.RepositoryConfigurationDelegate [main] Finished Spring Data repository scanning in 35 ms. Found 7 JPA repository interfaces.
2026-03-11 17:03:24,445 INFO o.s.b.w.e.t.TomcatWebServer [main] Tomcat initialized with port 8080 (http)
2026-03-11 17:03:24,459 INFO o.a.j.l.DirectJDKLog [main] Initializing ProtocolHandler ["http-nio-8080"]
2026-03-11 17:03:24,461 INFO o.a.j.l.DirectJDKLog [main] Starting service [Tomcat]
2026-03-11 17:03:24,461 INFO o.a.j.l.DirectJDKLog [main] Starting Servlet engine: [Apache Tomcat/10.1.46]
2026-03-11 17:03:24,501 INFO o.a.j.l.DirectJDKLog [main] Initializing Spring embedded WebApplicationContext
2026-03-11 17:03:24,502 INFO o.s.b.w.s.c.ServletWebServerApplicationContext [main] Root WebApplicationContext: initialization completed in 845 ms
2026-03-11 17:03:24,607 INFO o.h.j.i.u.LogHelper [main] HHH000204: Processing PersistenceUnitInfo [name: default]
2026-03-11 17:03:24,646 INFO o.h.Version [main] HHH000412: Hibernate ORM core version 6.6.29.Final
2026-03-11 17:03:24,669 INFO o.h.c.i.RegionFactoryInitiator [main] HHH000026: Second-level cache disabled
2026-03-11 17:03:24,840 INFO o.s.o.j.p.SpringPersistenceUnitInfo [main] No LoadTimeWeaver setup: ignoring JPA class transformer
2026-03-11 17:03:24,858 INFO c.z.h.HikariDataSource [main] HikariPool-1 - Starting...
2026-03-11 17:03:24,919 INFO c.z.h.p.HikariPool [main] HikariPool-1 - Added connection org.mariadb.jdbc.Connection@645ba24a
2026-03-11 17:03:24,920 INFO c.z.h.HikariDataSource [main] HikariPool-1 - Start completed.
2026-03-11 17:03:24,939 WARN o.h.e.j.d.i.DialectFactoryImpl [main] HHH90000025: MariaDBDialect does not need to be specified explicitly using 'hibernate.dialect' (remove the property setting and it will be selected by default)
2026-03-11 17:03:24,956 INFO o.h.e.j.e.i.JdbcEnvironmentInitiator [main] HHH10001005: Database info:
	Database JDBC URL [Connecting through datasource 'HikariDataSource (HikariPool-1)']
	Database driver: undefined/unknown
	Database version: 12.0.2
	Autocommit mode: undefined/unknown
	Isolation level: undefined/unknown
	Minimum pool size: undefined/unknown
	Maximum pool size: undefined/unknown
2026-03-11 17:03:25,541 INFO o.h.e.t.j.p.i.JtaPlatformInitiator [main] HHH000489: No JTA platform available (set 'hibernate.transaction.jta.platform' to enable JTA platform integration)
2026-03-11 17:03:25,573 INFO o.s.o.j.AbstractEntityManagerFactoryBean [main] Initialized JPA EntityManagerFactory for persistence unit 'default'
2026-03-11 17:03:25,743 INFO o.s.d.j.r.q.QueryEnhancerFactory [main] Hibernate is in classpath; If applicable, HQL parser will be used.
2026-03-11 17:03:26,093 WARN o.s.b.a.o.j.JpaBaseConfiguration$JpaWebConfiguration [main] spring.jpa.open-in-view is enabled by default. Therefore, database queries may be performed during view rendering. Explicitly configure spring.jpa.open-in-view to disable this warning
2026-03-11 17:03:26,111 WARN o.s.b.a.s.s.UserDetailsServiceAutoConfiguration [main] 

Using generated security password: a7d9869e-fe43-4870-a43f-60a7df12f04b

This generated password is for development use only. Your security configuration must be updated before running your application in production.

2026-03-11 17:03:26,115 INFO o.s.s.c.a.a.c.InitializeUserDetailsBeanManagerConfigurer$InitializeUserDetailsManagerConfigurer [main] Global AuthenticationManager configured with UserDetailsService bean with name inMemoryUserDetailsManager
2026-03-11 17:03:26,385 INFO o.a.j.l.DirectJDKLog [main] Starting ProtocolHandler ["http-nio-8080"]
2026-03-11 17:03:26,396 INFO o.s.b.w.e.t.TomcatWebServer [main] Tomcat started on port 8080 (http) with context path '/'
2026-03-11 17:03:26,400 INFO o.s.b.StartupInfoLogger [main] Started RelabApplication in 3.112 seconds (process running for 3.312)
2026-03-11 17:07:58,029 INFO o.a.j.l.DirectJDKLog [http-nio-8080-exec-2] Initializing Spring DispatcherServlet 'dispatcherServlet'
2026-03-11 17:07:58,030 INFO o.s.w.s.FrameworkServlet [http-nio-8080-exec-2] Initializing Servlet 'dispatcherServlet'
2026-03-11 17:07:58,031 INFO o.s.w.s.FrameworkServlet [http-nio-8080-exec-2] Completed initialization in 1 ms
2026-03-11 17:07:58,061 INFO c.n.r.c.ReviewsController [http-nio-8080-exec-2] GET /reviews/usuario/9 - solicitando reviews por ID de usuario
2026-03-11 17:07:58,061 INFO c.n.r.s.ReviewsService [http-nio-8080-exec-2] Buscando reviews por ID de usuario 9
2026-03-11 17:25:20,715 INFO c.n.r.c.AuthController [http-nio-8080-exec-4] Intentando login con nickname: eva
2026-03-11 17:25:20,925 INFO c.n.r.c.UsuarioController [http-nio-8080-exec-6] GET /usuarios/me solicitado
2026-03-11 17:25:20,950 INFO c.n.r.c.UsuarioController [http-nio-8080-exec-6] Perfil del usuario 7 obtenido correctamente
2026-03-11 17:25:22,752 INFO c.n.r.c.ProductoController [http-nio-8080-exec-9] GET /productos - filtros: nombre=null, activo=false, categoriaId=null, usuarioId=null
2026-03-11 17:25:22,776 INFO c.n.r.c.ProductoController [http-nio-8080-exec-9] GET /productos - encontrados 6 productos
2026-03-11 17:25:23,648 INFO c.n.r.c.ProductoController [http-nio-8080-exec-7] GET /productos/15/imagen - solicitando imagen
2026-03-11 17:25:23,659 INFO c.n.r.c.ProductoController [http-nio-8080-exec-7] GET /productos/15/imagen - imagen servida correctamente
2026-03-11 17:25:23,777 INFO c.n.r.c.ProductoController [http-nio-8080-exec-10] GET /productos/16/imagen - solicitando imagen
2026-03-11 17:25:23,782 INFO c.n.r.c.ProductoController [http-nio-8080-exec-10] GET /productos/16/imagen - imagen servida correctamente
2026-03-11 17:25:23,864 INFO c.n.r.c.ProductoController [http-nio-8080-exec-8] GET /productos/17/imagen - solicitando imagen
2026-03-11 17:25:23,867 INFO c.n.r.c.ProductoController [http-nio-8080-exec-8] GET /productos/17/imagen - imagen servida correctamente
2026-03-11 17:25:29,905 INFO c.n.r.c.ProductoController [http-nio-8080-exec-1] GET /productos/16 - solicitando producto por ID
2026-03-11 17:25:29,908 INFO c.n.r.c.ProductoController [http-nio-8080-exec-1] GET /productos/16 - producto encontrado correctamente
2026-03-11 17:25:29,910 INFO c.n.r.c.ProductoController [http-nio-8080-exec-2] GET /productos/17 - solicitando producto por ID
2026-03-11 17:25:29,914 INFO c.n.r.c.ProductoController [http-nio-8080-exec-2] GET /productos/17 - producto encontrado correctamente
2026-03-11 17:25:29,914 INFO c.n.r.c.ProductoController [http-nio-8080-exec-3] GET /productos/15 - solicitando producto por ID
2026-03-11 17:25:29,916 INFO c.n.r.c.ProductoController [http-nio-8080-exec-3] GET /productos/15 - producto encontrado correctamente
2026-03-11 17:25:57,341 INFO c.n.r.c.ProductoController [http-nio-8080-exec-5] GET /productos/25/imagen - solicitando imagen
2026-03-11 17:25:57,345 INFO c.n.r.c.ProductoController [http-nio-8080-exec-5] GET /productos/25/imagen - imagen servida correctamente
2026-03-11 17:25:57,424 INFO c.n.r.c.ProductoController [http-nio-8080-exec-4] GET /productos/28/imagen - solicitando imagen
2026-03-11 17:25:57,429 INFO c.n.r.c.ProductoController [http-nio-8080-exec-4] GET /productos/28/imagen - imagen servida correctamente
2026-03-11 17:25:57,521 INFO c.n.r.c.ProductoController [http-nio-8080-exec-6] GET /productos/29/imagen - solicitando imagen
2026-03-11 17:25:57,523 INFO c.n.r.c.ProductoController [http-nio-8080-exec-6] GET /productos/29/imagen - imagen servida correctamente
2026-03-11 17:56:26,410 INFO o.s.b.w.e.t.GracefulShutdown [SpringApplicationShutdownHook] Commencing graceful shutdown. Waiting for active requests to complete
2026-03-11 17:56:26,426 INFO o.s.b.w.e.t.GracefulShutdown [tomcat-shutdown] Graceful shutdown complete
2026-03-11 17:56:26,429 INFO o.s.o.j.AbstractEntityManagerFactoryBean [SpringApplicationShutdownHook] Closing JPA EntityManagerFactory for persistence unit 'default'
2026-03-11 17:56:26,431 INFO c.z.h.HikariDataSource [SpringApplicationShutdownHook] HikariPool-1 - Shutdown initiated...
2026-03-11 17:56:26,433 INFO c.z.h.HikariDataSource [SpringApplicationShutdownHook] HikariPool-1 - Shutdown completed.
